Fri May 01 2020 18:14:48 GMT+0800 (GMT+08:00) -- Error: Not Found
Mon May 04 2020 14:06:17 GMT+0800 (GMT+08:00) -- Error: Not Found
Mon May 04 2020 22:44:29 GMT+0800 (GMT+08:00) -- Error: Not Found
Mon May 04 2020 22:46:28 GMT+0800 (GMT+08:00) -- Error: Not Found
Mon May 04 2020 22:46:28 GMT+0800 (GMT+08:00) -- Error: Not Found
localhost:3000/search -- Wed May 06 2020 10:53:59 GMT+0800 (GMT+08:00) -- Error: Bad Request
localhost:3000/search -- Wed May 06 2020 10:55:59 GMT+0800 (GMT+08:00) -- Error: Bad Request
localhost:3000/search?keyword=%E9%99%88%E5%A5%95%E8%BF%85R%20U%20N -- Wed May 06 2020 11:36:47 GMT+0800 (GMT+08:00) -- Error: Bad Request
localhost:3000/favicon.ico -- Wed May 06 2020 11:36:47 GMT+0800 (GMT+08:00) -- Error: Not Found
localhost:3000/search?keyword=%E9%99%88%E5%A5%95%E8%BF%85 -- Wed May 06 2020 11:37:14 GMT+0800 (GMT+08:00) -- Error: Bad Request
localhost:3000/playlist/tracks -- Wed May 06 2020 15:44:52 GMT+0800 (GMT+08:00) -- Error: Unsuccessful HTTP response
localhost:3000/lyric/32701152 -- Wed May 06 2020 16:39:01 GMT+0800 (GMT+08:00) -- Error: Bad Request
localhost:3000/favicon.ico -- Wed May 06 2020 16:39:01 GMT+0800 (GMT+08:00) -- Error: Not Found
localhost:3000/search?keyword=%E6%B8%90%E6%B8%90 -- Thu May 07 2020 14:34:26 GMT+0800 (GMT+08:00) -- Error: Bad Request
localhost:3000/song/detail?id=0000Z0093Ko5Ps -- Fri May 08 2020 16:47:13 GMT+0800 (GMT+08:00) -- Error: Internal Server Error
localhost:3300/lyric?id=00235vTt0Wn3Bi -- Fri May 08 2020 18:44:36 GMT+0800 (GMT+08:00) -- Error: connect ECONNREFUSED 127.0.0.1:3300
localhost:3300/lyric -- Sat May 09 2020 01:50:10 GMT+0800 (GMT+08:00) -- Error: connect ECONNREFUSED 127.0.0.1:3300
localhost:3000/comment/music?limit=20&offset=0&before= -- Sat May 09 2020 01:51:14 GMT+0800 (GMT+08:00) -- Error: Bad Request
localhost:3000/search?keywords=10_Yu_Wo_Chang_Zai_(Live)+%E9%99%88%E5%A5%95%E8%BF%85+Eason+Chan&limit=5&offset=0&type=1 -- Sat May 09 2020 21:43:08 GMT+0800 (GMT+08:00) -- Error: socket hang up
localhost:3000/search?keywords=%E6%95%AC%E7%83%9F+%E9%99%88%E5%A5%95%E8%BF%85&limit=5&offset=0&type=1 -- Sat May 09 2020 21:52:37 GMT+0800 (GMT+08:00) -- Error: socket hang up
localhost:3000/album?id=6365 -- Sat May 09 2020 21:54:02 GMT+0800 (GMT+08:00) -- Error: socket hang up
localhost:3000/album?id=112165 -- Sat May 09 2020 22:10:38 GMT+0800 (GMT+08:00) -- Error: socket hang up
localhost:3000/api/blog/detail?id=2 -- Sat May 09 2020 22:56:32 GMT+0800 (GMT+08:00) -- Error: Not Found
localhost:3000/favicon.ico -- Sat May 09 2020 22:56:32 GMT+0800 (GMT+08:00) -- Error: Not Found
localhost:3000/album?id=000MkMni19ClKG -- Mon May 11 2020 16:59:08 GMT+0800 (GMT+08:00) -- Error: Bad Request
localhost:3000/album?id=000MkMni19ClKG -- Mon May 11 2020 17:05:18 GMT+0800 (GMT+08:00) -- Error: Bad Request
localhost:3000/album?id=000MkMni19ClKG -- Mon May 11 2020 18:19:24 GMT+0800 (GMT+08:00) -- Error: Bad Request
localhost:3300song/detail?id=000qbEEK2P2RYJ -- Mon May 11 2020 18:41:22 GMT+0800 (GMT+08:00) -- Error: Not Found
localhost:3000/album?id=000MkMni19ClKG -- Mon May 11 2020 18:48:04 GMT+0800 (GMT+08:00) -- Error: Bad Request
localhost:3000/album?id=000MkMni19ClKG -- Mon May 11 2020 21:13:34 GMT+0800 (GMT+08:00) -- Error: Bad Request
localhost:3000/album?id=000MkMni19ClKG -- Mon May 11 2020 21:15:36 GMT+0800 (GMT+08:00) -- Error: Bad Request
localhost:3000/simi/playlist?id=0039MnYb0qxYhV -- Mon May 11 2020 21:38:26 GMT+0800 (GMT+08:00) -- Error: Bad Request
localhost:3000/simi/song?id=0039MnYb0qxYhV -- Mon May 11 2020 21:38:26 GMT+0800 (GMT+08:00) -- Error: Bad Request
localhost:3000/simi/user?id=0039MnYb0qxYhV -- Mon May 11 2020 21:38:26 GMT+0800 (GMT+08:00) -- Error: Bad Request
localhost:3000/comment/music?id=0039MnYb0qxYhV&limit=20&offset=0&before= -- Mon May 11 2020 21:38:26 GMT+0800 (GMT+08:00) -- Error: Bad Request
localhost:3000/simi/playlist?id=0039MnYb0qxYhV -- Mon May 11 2020 21:39:42 GMT+0800 (GMT+08:00) -- Error: Bad Request
localhost:3000/simi/song?id=0039MnYb0qxYhV -- Mon May 11 2020 21:39:42 GMT+0800 (GMT+08:00) -- Error: Bad Request
localhost:3000/simi/user?id=0039MnYb0qxYhV -- Mon May 11 2020 21:39:42 GMT+0800 (GMT+08:00) -- Error: Bad Request
localhost:3000/comment/music?id=0039MnYb0qxYhV&limit=20&offset=0&before= -- Mon May 11 2020 21:39:43 GMT+0800 (GMT+08:00) -- Error: Bad Request
localhost:3000/simi/playlist?id=0039MnYb0qxYhV -- Mon May 11 2020 21:45:23 GMT+0800 (GMT+08:00) -- Error: Bad Request
localhost:3000/simi/song?id=0039MnYb0qxYhV -- Mon May 11 2020 21:45:23 GMT+0800 (GMT+08:00) -- Error: Bad Request
localhost:3000/simi/user?id=0039MnYb0qxYhV -- Mon May 11 2020 21:45:24 GMT+0800 (GMT+08:00) -- Error: Bad Request
localhost:3000/comment/music?id=0039MnYb0qxYhV&limit=20&offset=0&before= -- Mon May 11 2020 21:45:24 GMT+0800 (GMT+08:00) -- Error: Bad Request
localhost:3000/simi/playlist?id=0039MnYb0qxYhV -- Mon May 11 2020 21:49:37 GMT+0800 (GMT+08:00) -- Error: Bad Request
localhost:3000/simi/song?id=0039MnYb0qxYhV -- Mon May 11 2020 21:49:37 GMT+0800 (GMT+08:00) -- Error: Bad Request
localhost:3000/comment/music?id=0039MnYb0qxYhV&limit=20&offset=0&before= -- Mon May 11 2020 21:49:37 GMT+0800 (GMT+08:00) -- Error: Bad Request
localhost:3000/simi/user?id=0039MnYb0qxYhV -- Mon May 11 2020 21:49:37 GMT+0800 (GMT+08:00) -- Error: Bad Request
localhost:3300/song/url?id=0039MnYb0qxYhV -- Tue May 12 2020 10:40:05 GMT+0800 (GMT+08:00) -- Error: connect ECONNREFUSED 127.0.0.1:3300
localhost:3000/simi/playlist?id=001qvvgF38HVc4 -- Tue May 12 2020 11:15:10 GMT+0800 (GMT+08:00) -- Error: Bad Request
localhost:3000/simi/song?id=001qvvgF38HVc4 -- Tue May 12 2020 11:15:10 GMT+0800 (GMT+08:00) -- Error: Bad Request
localhost:3000/simi/user?id=001qvvgF38HVc4 -- Tue May 12 2020 11:15:10 GMT+0800 (GMT+08:00) -- Error: Bad Request
localhost:3000/comment/music?id=001qvvgF38HVc4&limit=20&offset=0&before= -- Tue May 12 2020 11:15:10 GMT+0800 (GMT+08:00) -- Error: Bad Request
localhost:3000/simi/playlist?id=001qvvgF38HVc4 -- Tue May 12 2020 11:31:13 GMT+0800 (GMT+08:00) -- Error: Bad Request
localhost:3000/simi/user?id=001qvvgF38HVc4 -- Tue May 12 2020 11:31:13 GMT+0800 (GMT+08:00) -- Error: Bad Request
localhost:3000/simi/song?id=001qvvgF38HVc4 -- Tue May 12 2020 11:31:13 GMT+0800 (GMT+08:00) -- Error: Bad Request
localhost:3000/comment/music?id=001qvvgF38HVc4&limit=20&offset=0&before= -- Tue May 12 2020 11:31:13 GMT+0800 (GMT+08:00) -- Error: Bad Request
localhost:3000/simi/song?id=001qvvgF38HVc4 -- Wed May 13 2020 03:18:21 GMT+0800 (GMT+08:00) -- Error: Bad Request
localhost:3000/simi/playlist?id=001qvvgF38HVc4 -- Wed May 13 2020 03:18:21 GMT+0800 (GMT+08:00) -- Error: Bad Request
localhost:3000/simi/user?id=001qvvgF38HVc4 -- Wed May 13 2020 03:18:21 GMT+0800 (GMT+08:00) -- Error: Bad Request
localhost:3000/comment/music?id=001qvvgF38HVc4&limit=20&offset=0&before= -- Wed May 13 2020 03:18:21 GMT+0800 (GMT+08:00) -- Error: Bad Request
localhost:3000/comment/music?id=001qvvgF38HVc4&limit=20&offset=0&before= -- Wed May 13 2020 12:49:10 GMT+0800 (GMT+08:00) -- Error: Bad Request
localhost:3000/simi/user?id=001qvvgF38HVc4 -- Wed May 13 2020 12:49:10 GMT+0800 (GMT+08:00) -- Error: Bad Request
localhost:3000/simi/song?id=001qvvgF38HVc4 -- Wed May 13 2020 12:49:10 GMT+0800 (GMT+08:00) -- Error: Bad Request
localhost:3000/simi/playlist?id=001qvvgF38HVc4 -- Wed May 13 2020 12:49:10 GMT+0800 (GMT+08:00) -- Error: Bad Request
localhost:3000/simi/playlist?id=001qvvgF38HVc4 -- Wed May 13 2020 12:49:21 GMT+0800 (GMT+08:00) -- Error: Bad Request
localhost:3000/simi/user?id=001qvvgF38HVc4 -- Wed May 13 2020 12:49:21 GMT+0800 (GMT+08:00) -- Error: Bad Request
localhost:3000/simi/song?id=001qvvgF38HVc4 -- Wed May 13 2020 12:49:21 GMT+0800 (GMT+08:00) -- Error: Bad Request
localhost:3000/comment/music?id=001qvvgF38HVc4&limit=20&offset=0&before= -- Wed May 13 2020 12:49:21 GMT+0800 (GMT+08:00) -- Error: Bad Request
localhost:3000/search/suggest?keyword=Shelter+Porter+Robinson,Madeon+ -- Thu May 14 2020 10:29:06 GMT+0800 (GMT+08:00) -- Error: Bad Request
localhost:3000/song/detail?id=5104565996 -- Thu Aug 13 2020 01:01:57 GMT+0800 (GMT+08:00) -- Error: Internal Server Error
localhost:3000/favicon.ico? -- Thu Aug 13 2020 01:01:57 GMT+0800 (GMT+08:00) -- Error: Not Found
localhost:3000/top/list?idx=3 -- Thu Aug 13 2020 01:27:18 GMT+0800 (GMT+08:00) -- Error: Internal Server Error
localhost:3000/top/list?idx=0 -- Thu Aug 13 2020 01:27:18 GMT+0800 (GMT+08:00) -- Error: Internal Server Error
localhost:3000/top/list?idx=2 -- Thu Aug 13 2020 01:27:18 GMT+0800 (GMT+08:00) -- Error: Internal Server Error
localhost:3000/top/list?idx=1 -- Thu Aug 13 2020 01:27:18 GMT+0800 (GMT+08:00) -- Error: Internal Server Error
localhost:3000/top/list?idx=3 -- Thu Aug 13 2020 01:27:45 GMT+0800 (GMT+08:00) -- Error: Internal Server Error
localhost:3000/top/list?idx=0 -- Thu Aug 13 2020 01:27:45 GMT+0800 (GMT+08:00) -- Error: Internal Server Error
localhost:3000/top/list?idx=2 -- Thu Aug 13 2020 01:27:45 GMT+0800 (GMT+08:00) -- Error: Internal Server Error
localhost:3000/top/list?idx=1 -- Thu Aug 13 2020 01:27:45 GMT+0800 (GMT+08:00) -- Error: Internal Server Error
localhost:3000/top/list?idx=3 -- Thu Aug 13 2020 01:28:32 GMT+0800 (GMT+08:00) -- Error: Internal Server Error
localhost:3000/top/list?idx=0 -- Thu Aug 13 2020 01:28:32 GMT+0800 (GMT+08:00) -- Error: Internal Server Error
localhost:3000/top/list?idx=2 -- Thu Aug 13 2020 01:28:32 GMT+0800 (GMT+08:00) -- Error: Internal Server Error
localhost:3000/top/list?idx=1 -- Thu Aug 13 2020 01:28:32 GMT+0800 (GMT+08:00) -- Error: Internal Server Error
localhost:3000/top/list?idx=3 -- Thu Aug 13 2020 01:42:21 GMT+0800 (GMT+08:00) -- Error: Internal Server Error
localhost:3000/top/list?idx=0 -- Thu Aug 13 2020 01:42:21 GMT+0800 (GMT+08:00) -- Error: Internal Server Error
localhost:3000/top/list?idx=2 -- Thu Aug 13 2020 01:42:21 GMT+0800 (GMT+08:00) -- Error: Internal Server Error
localhost:3000/top/list?idx=1 -- Thu Aug 13 2020 01:42:21 GMT+0800 (GMT+08:00) -- Error: Internal Server Error
localhost:3000/song/detail?ids[]=167802&ids[]=1459411864&ids[]=1408122638&ids[]=1438518859&ids[]=28240533&ids[]=209326&ids[]=297794&ids[]=316279&ids[]=1433984099&ids[]=429348563&ids[]=327701&ids[]=1421991419&ids[]=125191&ids[]=1393008534&ids[]=5242816&ids[]=1461590245&ids[]=409288211&ids[]=25643291&ids[]=387622&ids[]=281983&ids[]=1394165234&ids[]=520519660&ids[]=66159&ids[]=293927&ids[]=287542&ids[]=542718890&ids[]=240147&ids[]=516654123&ids[]=1449832633&ids[]=4875075&ids[]=254055&ids[]=416384214&ids[]=28987543&ids[]=434070628&ids[]=1432808295&ids[]=25706338&ids[]=167766&ids[]=1429857402&ids[]=1436709403&ids[]=1434152030&ids[]=864693864 -- Thu Aug 13 2020 01:50:03 GMT+0800 (GMT+08:00) -- Error: Internal Server Error
localhost:3000/simi/user?id=004PvUYk100sR8 -- Thu Aug 13 2020 03:02:39 GMT+0800 (GMT+08:00) -- Error: Bad Request
localhost:3000/simi/playlist?id=004PvUYk100sR8 -- Thu Aug 13 2020 03:02:39 GMT+0800 (GMT+08:00) -- Error: Bad Request
localhost:3000/simi/song?id=004PvUYk100sR8 -- Thu Aug 13 2020 03:02:39 GMT+0800 (GMT+08:00) -- SyntaxError: Unexpected token { in JSON at position 25
localhost:3000/comment/music?id=004PvUYk100sR8&limit=20&offset=0&before= -- Thu Aug 13 2020 03:02:39 GMT+0800 (GMT+08:00) -- Error: Bad Request
localhost:3000/comment/music?id=004PvUYk100sR8&limit=20&offset=0 -- Thu Aug 13 2020 03:03:44 GMT+0800 (GMT+08:00) -- Error: Bad Request
localhost:3000/simi/user?id=002OmDtO3DfcwO -- Thu Aug 13 2020 03:05:53 GMT+0800 (GMT+08:00) -- Error: Bad Request
localhost:3000/simi/playlist?id=002OmDtO3DfcwO -- Thu Aug 13 2020 03:05:53 GMT+0800 (GMT+08:00) -- Error: Bad Request
localhost:3000/simi/song?id=002OmDtO3DfcwO -- Thu Aug 13 2020 03:05:53 GMT+0800 (GMT+08:00) -- SyntaxError: Unexpected token { in JSON at position 25
localhost:3000/comment/music?id=002OmDtO3DfcwO&limit=20&offset=0&before= -- Thu Aug 13 2020 03:05:53 GMT+0800 (GMT+08:00) -- Error: Bad Request
localhost:3000/simi/playlist?id=004PvUYk100sR8 -- Thu Aug 13 2020 03:06:10 GMT+0800 (GMT+08:00) -- Error: Bad Request
localhost:3000/simi/song?id=004PvUYk100sR8 -- Thu Aug 13 2020 03:06:10 GMT+0800 (GMT+08:00) -- SyntaxError: Unexpected token { in JSON at position 25
localhost:3000/simi/user?id=004PvUYk100sR8 -- Thu Aug 13 2020 03:06:10 GMT+0800 (GMT+08:00) -- Error: Bad Request
localhost:3000/comment/music?id=004PvUYk100sR8&limit=20&offset=0&before= -- Thu Aug 13 2020 03:06:10 GMT+0800 (GMT+08:00) -- Error: Bad Request
localhost:3000/comment/music?id=004PvUYk100sR8&limit=20&offset=0 -- Thu Aug 13 2020 03:06:20 GMT+0800 (GMT+08:00) -- Error: Bad Request
localhost:3000/comment/music?id=004PvUYk100sR8&limit=20&offset=0 -- Thu Aug 13 2020 03:06:37 GMT+0800 (GMT+08:00) -- Error: Bad Request
localhost:3000/simi/user?id=1458641185 -- Thu Aug 13 2020 03:09:33 GMT+0800 (GMT+08:00) -- Error: Bad Request
localhost:3000/simi/playlist?id=1458641185 -- Thu Aug 13 2020 03:09:33 GMT+0800 (GMT+08:00) -- Error: Bad Request
localhost:3000/simi/playlist?id=004PvUYk100sR8 -- Thu Aug 13 2020 03:10:09 GMT+0800 (GMT+08:00) -- Error: Bad Request
localhost:3000/simi/song?id=004PvUYk100sR8 -- Thu Aug 13 2020 03:10:09 GMT+0800 (GMT+08:00) -- SyntaxError: Unexpected token { in JSON at position 25
localhost:3000/simi/user?id=004PvUYk100sR8 -- Thu Aug 13 2020 03:10:09 GMT+0800 (GMT+08:00) -- Error: Bad Request
localhost:3000/comment/music?id=004PvUYk100sR8&limit=20&offset=0&before= -- Thu Aug 13 2020 03:10:09 GMT+0800 (GMT+08:00) -- Error: Bad Request
localhost:3000/comment/music?id=004PvUYk100sR8&limit=20&offset=0 -- Thu Aug 13 2020 03:12:24 GMT+0800 (GMT+08:00) -- Error: Bad Request
localhost:3000/comment/music?id=004PvUYk100sR8&limit=20&offset=0 -- Thu Aug 13 2020 03:12:49 GMT+0800 (GMT+08:00) -- Error: Bad Request
localhost:3000/simi/playlist?id=003tCgIZ0BPvCU -- Thu Aug 13 2020 03:13:33 GMT+0800 (GMT+08:00) -- Error: Bad Request
localhost:3000/simi/user?id=003tCgIZ0BPvCU -- Thu Aug 13 2020 03:13:33 GMT+0800 (GMT+08:00) -- Error: Bad Request
localhost:3000/simi/song?id=003tCgIZ0BPvCU -- Thu Aug 13 2020 03:13:33 GMT+0800 (GMT+08:00) -- SyntaxError: Unexpected token { in JSON at position 25
localhost:3000/comment/music?id=003tCgIZ0BPvCU&limit=20&offset=0&before= -- Thu Aug 13 2020 03:13:33 GMT+0800 (GMT+08:00) -- Error: Bad Request
localhost:3000/comment/music?id=004PvUYk100sR8&limit=20&offset=0 -- Thu Aug 13 2020 03:14:03 GMT+0800 (GMT+08:00) -- Error: Bad Request
localhost:3000/simi/playlist?id=1442466883 -- Thu Aug 13 2020 03:14:20 GMT+0800 (GMT+08:00) -- Error: Bad Request
localhost:3000/simi/user?id=1442466883 -- Thu Aug 13 2020 03:14:20 GMT+0800 (GMT+08:00) -- Error: Bad Request
localhost:3000/simi/playlist?id=1442466883 -- Thu Aug 13 2020 03:15:03 GMT+0800 (GMT+08:00) -- Error: Bad Request
localhost:3000/simi/user?id=1442466883 -- Thu Aug 13 2020 03:15:03 GMT+0800 (GMT+08:00) -- Error: Bad Request
localhost:3000/simi/user?id=1442466883 -- Thu Aug 13 2020 03:15:24 GMT+0800 (GMT+08:00) -- Error: Bad Request
localhost:3000/simi/user?id=347230 -- Thu Aug 13 2020 03:16:07 GMT+0800 (GMT+08:00) -- Error: Bad Request
localhost:3000/simi/user?id=347230 -- Thu Aug 13 2020 03:16:10 GMT+0800 (GMT+08:00) -- Error: Bad Request
localhost:3000/comment/music?id=004PvUYk100sR8&limit=20&offset=0 -- Thu Aug 13 2020 03:18:03 GMT+0800 (GMT+08:00) -- Error: Bad Request
localhost:3000/comment/music?id=004PvUYk100sR8&limit=20&offset=0 -- Thu Aug 13 2020 03:20:26 GMT+0800 (GMT+08:00) -- Error: Bad Request
localhost:3300/song?songmid=004PvUYk100sR8 -- Thu Aug 13 2020 03:22:24 GMT+0800 (GMT+08:00) -- Error: Not Found
localhost:3300/song?songmid=004PvUYk100sR8 -- Thu Aug 13 2020 03:24:30 GMT+0800 (GMT+08:00) -- Error: Not Found
localhost:3000/favicon.ico? -- Thu Aug 13 2020 03:56:27 GMT+0800 (GMT+08:00) -- Error: Not Found
localhost:3000/simi/playlist?id=003tCgIZ0BPvCU -- Thu Aug 13 2020 04:13:31 GMT+0800 (GMT+08:00) -- Error: Bad Request
localhost:3000/simi/song?id=003tCgIZ0BPvCU -- Thu Aug 13 2020 04:13:31 GMT+0800 (GMT+08:00) -- SyntaxError: Unexpected token { in JSON at position 25
localhost:3000/simi/user?id=003tCgIZ0BPvCU -- Thu Aug 13 2020 04:13:31 GMT+0800 (GMT+08:00) -- Error: Bad Request
localhost:3000/simi/song?id=003tCgIZ0BPvCU -- Thu Aug 13 2020 04:17:45 GMT+0800 (GMT+08:00) -- SyntaxError: Unexpected token { in JSON at position 25
localhost:3000/simi/playlist?id=003tCgIZ0BPvCU -- Thu Aug 13 2020 04:17:45 GMT+0800 (GMT+08:00) -- Error: Bad Request
localhost:3000/simi/user?id=003tCgIZ0BPvCU -- Thu Aug 13 2020 04:17:45 GMT+0800 (GMT+08:00) -- Error: Bad Request
localhost:3000/simi/song?id=003tCgIZ0BPvCU -- Thu Aug 13 2020 04:18:03 GMT+0800 (GMT+08:00) -- SyntaxError: Unexpected token { in JSON at position 25
localhost:3000/simi/playlist?id=003tCgIZ0BPvCU -- Thu Aug 13 2020 04:18:03 GMT+0800 (GMT+08:00) -- Error: Bad Request
localhost:3000/simi/user?id=003tCgIZ0BPvCU -- Thu Aug 13 2020 04:18:03 GMT+0800 (GMT+08:00) -- Error: Bad Request
localhost:3000/simi/playlist?id=004PvUYk100sR8 -- Thu Aug 13 2020 04:18:11 GMT+0800 (GMT+08:00) -- Error: Bad Request
localhost:3000/simi/song?id=004PvUYk100sR8 -- Thu Aug 13 2020 04:18:11 GMT+0800 (GMT+08:00) -- SyntaxError: Unexpected token { in JSON at position 25
localhost:3000/simi/user?id=004PvUYk100sR8 -- Thu Aug 13 2020 04:18:12 GMT+0800 (GMT+08:00) -- Error: Bad Request
localhost:3000/simi/playlist?id=004PvUYk100sR8 -- Thu Aug 13 2020 04:22:58 GMT+0800 (GMT+08:00) -- Error: Bad Request
localhost:3000/simi/song?id=004PvUYk100sR8 -- Thu Aug 13 2020 04:22:58 GMT+0800 (GMT+08:00) -- SyntaxError: Unexpected token { in JSON at position 25
localhost:3000/simi/user?id=004PvUYk100sR8 -- Thu Aug 13 2020 04:22:58 GMT+0800 (GMT+08:00) -- Error: Bad Request
localhost:3000/simi/playlist?id=004PvUYk100sR8 -- Thu Aug 13 2020 04:25:35 GMT+0800 (GMT+08:00) -- Error: Bad Request
localhost:3000/simi/song?id=004PvUYk100sR8 -- Thu Aug 13 2020 04:25:35 GMT+0800 (GMT+08:00) -- SyntaxError: Unexpected token { in JSON at position 25
localhost:3000/simi/user?id=004PvUYk100sR8 -- Thu Aug 13 2020 04:25:35 GMT+0800 (GMT+08:00) -- Error: Bad Request
localhost:3300/song/detail?id=00433uiy0BfuLO -- Thu Aug 13 2020 15:08:10 GMT+0800 (GMT+08:00) -- Error: Not Found
localhost:3300/song/detail?id=0008ToSw4AQZJs -- Thu Aug 13 2020 15:11:39 GMT+0800 (GMT+08:00) -- Error: Not Found
localhost:3300/song/detail?id=003qJOet0ny8U6 -- Thu Aug 13 2020 15:12:25 GMT+0800 (GMT+08:00) -- Error: Not Found
localhost:3300/song/detail?id=004J3VtD3fhP3t -- Thu Aug 13 2020 15:13:20 GMT+0800 (GMT+08:00) -- Error: Not Found
localhost:3300/song/detail?id=00433uiy0BfuLO -- Thu Aug 13 2020 15:13:22 GMT+0800 (GMT+08:00) -- Error: Not Found
localhost:3300/song/detail?id=002oaQRU2g4v3Y -- Thu Aug 13 2020 15:13:47 GMT+0800 (GMT+08:00) -- Error: Not Found
localhost:3300/song/detail?id=002oaQRU2g4v3Y -- Thu Aug 13 2020 15:19:11 GMT+0800 (GMT+08:00) -- Error: Not Found
localhost:3300/song/detail?id=002oaQRU2g4v3Y -- Thu Aug 13 2020 15:19:54 GMT+0800 (GMT+08:00) -- Error: Not Found
localhost:3000/simi/playlist?id=003tCgIZ0BPvCU -- Thu Aug 13 2020 16:39:39 GMT+0800 (GMT+08:00) -- Error: Bad Request
localhost:3000/simi/song?id=003tCgIZ0BPvCU -- Thu Aug 13 2020 16:39:39 GMT+0800 (GMT+08:00) -- SyntaxError: Unexpected token { in JSON at position 25
localhost:3000/simi/user?id=003tCgIZ0BPvCU -- Thu Aug 13 2020 16:39:40 GMT+0800 (GMT+08:00) -- Error: Bad Request
localhost:3000/simi/user?id=001F3eum3FtG1a -- Thu Aug 13 2020 16:45:03 GMT+0800 (GMT+08:00) -- Error: Bad Request
localhost:3000/simi/playlist?id=001F3eum3FtG1a -- Thu Aug 13 2020 16:45:03 GMT+0800 (GMT+08:00) -- Error: Bad Request
localhost:3000/simi/song?id=001F3eum3FtG1a -- Thu Aug 13 2020 16:45:03 GMT+0800 (GMT+08:00) -- SyntaxError: Unexpected token { in JSON at position 25
localhost:3000/simi/playlist?id=003tCgIZ0BPvCU -- Thu Aug 13 2020 16:48:14 GMT+0800 (GMT+08:00) -- Error: Bad Request
localhost:3000/simi/song?id=003tCgIZ0BPvCU -- Thu Aug 13 2020 16:48:14 GMT+0800 (GMT+08:00) -- SyntaxError: Unexpected token { in JSON at position 25
localhost:3000/simi/user?id=003tCgIZ0BPvCU -- Thu Aug 13 2020 16:48:14 GMT+0800 (GMT+08:00) -- Error: Bad Request
localhost:3300/comment?id=10154874&biztype=2 -- Thu Aug 13 2020 17:06:20 GMT+0800 (GMT+08:00) -- Error: socket hang up
localhost:3000/album?id=34561161 -- Thu Aug 13 2020 17:09:22 GMT+0800 (GMT+08:00) -- Error: socket hang up
localhost:3000/simi/playlist?id=001qvvgF38HVc4 -- Thu Aug 13 2020 17:21:38 GMT+0800 (GMT+08:00) -- Error: Bad Request
localhost:3000/simi/song?id=001qvvgF38HVc4 -- Thu Aug 13 2020 17:21:38 GMT+0800 (GMT+08:00) -- SyntaxError: Unexpected token { in JSON at position 25
localhost:3000/simi/user?id=001qvvgF38HVc4 -- Thu Aug 13 2020 17:21:39 GMT+0800 (GMT+08:00) -- Error: Bad Request
localhost:3000/simi/song?id=001qvvgF38HVc4 -- Thu Aug 13 2020 17:23:31 GMT+0800 (GMT+08:00) -- SyntaxError: Unexpected token { in JSON at position 25
localhost:3000/simi/playlist?id=001qvvgF38HVc4 -- Thu Aug 13 2020 17:23:31 GMT+0800 (GMT+08:00) -- Error: Bad Request
localhost:3000/simi/user?id=001qvvgF38HVc4 -- Thu Aug 13 2020 17:23:32 GMT+0800 (GMT+08:00) -- Error: Bad Request
localhost:3000/simi/song?id=001qvvgF38HVc4 -- Thu Aug 13 2020 17:23:41 GMT+0800 (GMT+08:00) -- SyntaxError: Unexpected token { in JSON at position 25
localhost:3000/simi/playlist?id=001qvvgF38HVc4 -- Thu Aug 13 2020 17:23:41 GMT+0800 (GMT+08:00) -- Error: Bad Request
localhost:3000/simi/user?id=001qvvgF38HVc4 -- Thu Aug 13 2020 17:23:41 GMT+0800 (GMT+08:00) -- Error: Bad Request
localhost:3000/album?id=28924631 -- Thu Aug 13 2020 17:26:08 GMT+0800 (GMT+08:00) -- Error: Not Found
localhost:3000/simi/user?id=001qvvgF38HVc4 -- Thu Aug 13 2020 18:04:36 GMT+0800 (GMT+08:00) -- Error: Bad Request
localhost:3000/simi/playlist?id=001qvvgF38HVc4 -- Thu Aug 13 2020 18:04:36 GMT+0800 (GMT+08:00) -- Error: Bad Request
localhost:3000/simi/song?id=001qvvgF38HVc4 -- Thu Aug 13 2020 18:04:36 GMT+0800 (GMT+08:00) -- SyntaxError: Unexpected token { in JSON at position 25
localhost:3000/simi/playlist?id=001qvvgF38HVc4 -- Thu Aug 13 2020 18:05:36 GMT+0800 (GMT+08:00) -- Error: Bad Request
localhost:3000/simi/song?id=001qvvgF38HVc4 -- Thu Aug 13 2020 18:05:36 GMT+0800 (GMT+08:00) -- SyntaxError: Unexpected token { in JSON at position 25
localhost:3000/simi/user?id=001qvvgF38HVc4 -- Thu Aug 13 2020 18:05:36 GMT+0800 (GMT+08:00) -- Error: Bad Request
localhost:3000/search/suggest?keywords=1997-2008+Medley+%EF%BC%9A+%E6%97%B6%E4%BB%A3%E6%9B%B2 -- Thu Aug 13 2020 18:05:53 GMT+0800 (GMT+08:00) -- Error: socket hang up
localhost:3000/simi/playlist?id=001qvvgF38HVc4 -- Thu Aug 13 2020 18:10:55 GMT+0800 (GMT+08:00) -- Error: Bad Request
localhost:3000/simi/user?id=001qvvgF38HVc4 -- Thu Aug 13 2020 18:10:55 GMT+0800 (GMT+08:00) -- Error: Bad Request
localhost:3000/simi/song?id=001qvvgF38HVc4 -- Thu Aug 13 2020 18:10:55 GMT+0800 (GMT+08:00) -- SyntaxError: Unexpected token { in JSON at position 25
localhost:3000/simi/playlist?id=001qvvgF38HVc4 -- Thu Aug 13 2020 18:12:29 GMT+0800 (GMT+08:00) -- Error: Bad Request
localhost:3000/simi/song?id=001qvvgF38HVc4 -- Thu Aug 13 2020 18:12:29 GMT+0800 (GMT+08:00) -- SyntaxError: Unexpected token { in JSON at position 25
localhost:3000/simi/user?id=001qvvgF38HVc4 -- Thu Aug 13 2020 18:12:29 GMT+0800 (GMT+08:00) -- Error: Bad Request
localhost:3300/search?key=07%20%E4%BA%BA%E5%B7%A5%E6%99%BA%E8%83%BD(Artificial%20Int&type=0&pageSize=3&pageNo=1 -- Thu Aug 13 2020 18:14:30 GMT+0800 (GMT+08:00) -- Error: socket hang up
localhost:3000/simi/playlist?id=001qvvgF38HVc4 -- Thu Aug 13 2020 18:16:18 GMT+0800 (GMT+08:00) -- Error: Bad Request
localhost:3000/simi/song?id=001qvvgF38HVc4 -- Thu Aug 13 2020 18:16:18 GMT+0800 (GMT+08:00) -- SyntaxError: Unexpected token { in JSON at position 25
localhost:3000/simi/user?id=001qvvgF38HVc4 -- Thu Aug 13 2020 18:16:18 GMT+0800 (GMT+08:00) -- Error: Bad Request
localhost:3000/simi/playlist?id=001qvvgF38HVc4 -- Thu Aug 13 2020 18:17:25 GMT+0800 (GMT+08:00) -- Error: Bad Request
localhost:3000/simi/song?id=001qvvgF38HVc4 -- Thu Aug 13 2020 18:17:25 GMT+0800 (GMT+08:00) -- SyntaxError: Unexpected token { in JSON at position 25
localhost:3000/simi/user?id=001qvvgF38HVc4 -- Thu Aug 13 2020 18:17:25 GMT+0800 (GMT+08:00) -- Error: Bad Request
localhost:3000/simi/user?id=002UORKZ0s3nxN -- Thu Aug 13 2020 18:19:57 GMT+0800 (GMT+08:00) -- Error: Bad Request
localhost:3000/simi/playlist?id=002UORKZ0s3nxN -- Thu Aug 13 2020 18:19:57 GMT+0800 (GMT+08:00) -- Error: Bad Request
localhost:3000/simi/song?id=002UORKZ0s3nxN -- Thu Aug 13 2020 18:19:57 GMT+0800 (GMT+08:00) -- SyntaxError: Unexpected token { in JSON at position 25
localhost:3000/search/suggest?keywords=02+(%E4%BD%A0%E7%9A%84%E8%83%8C%E5%8C%85)Your+Rucksack -- Thu Aug 13 2020 18:20:59 GMT+0800 (GMT+08:00) -- Error: socket hang up
localhost:3300/search?key=04%20Lu%20Qia&type=0&pageSize=3&pageNo=1 -- Thu Aug 13 2020 18:23:57 GMT+0800 (GMT+08:00) -- Error: socket hang up
localhost:3000/simi/playlist?id=000piIEm2mxUgL -- Thu Aug 13 2020 18:24:34 GMT+0800 (GMT+08:00) -- Error: Bad Request
localhost:3000/simi/song?id=000piIEm2mxUgL -- Thu Aug 13 2020 18:24:34 GMT+0800 (GMT+08:00) -- SyntaxError: Unexpected token { in JSON at position 25
localhost:3000/simi/user?id=000piIEm2mxUgL -- Thu Aug 13 2020 18:24:34 GMT+0800 (GMT+08:00) -- Error: Bad Request
localhost:3000/simi/playlist?id=003dtkNk26WhJD -- Thu Aug 13 2020 18:27:03 GMT+0800 (GMT+08:00) -- Error: Bad Request
localhost:3000/simi/song?id=003dtkNk26WhJD -- Thu Aug 13 2020 18:27:03 GMT+0800 (GMT+08:00) -- SyntaxError: Unexpected token { in JSON at position 25
localhost:3000/simi/user?id=003dtkNk26WhJD -- Thu Aug 13 2020 18:27:03 GMT+0800 (GMT+08:00) -- Error: Bad Request
localhost:3000/personalized/mv? -- Thu Aug 13 2020 18:33:07 GMT+0800 (GMT+08:00) -- Error: socket hang up
localhost:3000/simi/playlist?id=001qvvgF38HVc4 -- Thu Aug 13 2020 21:02:26 GMT+0800 (GMT+08:00) -- Error: Bad Request
localhost:3000/simi/song?id=001qvvgF38HVc4 -- Thu Aug 13 2020 21:02:26 GMT+0800 (GMT+08:00) -- SyntaxError: Unexpected token { in JSON at position 25
localhost:3000/simi/user?id=001qvvgF38HVc4 -- Thu Aug 13 2020 21:02:26 GMT+0800 (GMT+08:00) -- Error: Bad Request
localhost:3000/simi/song?id=002UORKZ0s3nxN -- Thu Aug 13 2020 21:04:18 GMT+0800 (GMT+08:00) -- SyntaxError: Unexpected token { in JSON at position 25
localhost:3000/simi/user?id=002UORKZ0s3nxN -- Thu Aug 13 2020 21:04:18 GMT+0800 (GMT+08:00) -- Error: Bad Request
localhost:3000/simi/playlist?id=002UORKZ0s3nxN -- Thu Aug 13 2020 21:04:18 GMT+0800 (GMT+08:00) -- Error: Bad Request
localhost:3000/simi/song?id=002UORKZ0s3nxN -- Thu Aug 13 2020 21:06:01 GMT+0800 (GMT+08:00) -- SyntaxError: Unexpected token { in JSON at position 25
localhost:3000/simi/user?id=002UORKZ0s3nxN -- Thu Aug 13 2020 21:06:01 GMT+0800 (GMT+08:00) -- Error: Bad Request
localhost:3000/simi/playlist?id=002UORKZ0s3nxN -- Thu Aug 13 2020 21:06:01 GMT+0800 (GMT+08:00) -- Error: Bad Request
localhost:3000/simi/song?id=002UORKZ0s3nxN -- Thu Aug 13 2020 21:11:01 GMT+0800 (GMT+08:00) -- SyntaxError: Unexpected token { in JSON at position 25
localhost:3000/simi/playlist?id=002UORKZ0s3nxN -- Thu Aug 13 2020 21:11:01 GMT+0800 (GMT+08:00) -- Error: Bad Request
localhost:3000/simi/user?id=002UORKZ0s3nxN -- Thu Aug 13 2020 21:11:01 GMT+0800 (GMT+08:00) -- Error: Bad Request
localhost:3000/simi/song?id=000piIEm2mxUgL -- Thu Aug 13 2020 21:25:58 GMT+0800 (GMT+08:00) -- SyntaxError: Unexpected token { in JSON at position 25
localhost:3000/simi/playlist?id=000piIEm2mxUgL -- Thu Aug 13 2020 21:25:58 GMT+0800 (GMT+08:00) -- Error: Bad Request
localhost:3000/simi/user?id=000piIEm2mxUgL -- Thu Aug 13 2020 21:25:58 GMT+0800 (GMT+08:00) -- Error: Bad Request
localhost:3000/simi/song?id=000piIEm2mxUgL -- Thu Aug 13 2020 21:26:39 GMT+0800 (GMT+08:00) -- SyntaxError: Unexpected token { in JSON at position 25
localhost:3000/simi/playlist?id=000piIEm2mxUgL -- Thu Aug 13 2020 21:26:39 GMT+0800 (GMT+08:00) -- Error: Bad Request
localhost:3000/simi/user?id=000piIEm2mxUgL -- Thu Aug 13 2020 21:26:39 GMT+0800 (GMT+08:00) -- Error: Bad Request
localhost:3000/simi/playlist?id=0000ywD12j5I4m -- Thu Aug 13 2020 21:26:50 GMT+0800 (GMT+08:00) -- Error: Bad Request
localhost:3000/simi/user?id=0000ywD12j5I4m -- Thu Aug 13 2020 21:26:50 GMT+0800 (GMT+08:00) -- Error: Bad Request
localhost:3000/simi/song?id=0000ywD12j5I4m -- Thu Aug 13 2020 21:26:50 GMT+0800 (GMT+08:00) -- SyntaxError: Unexpected token { in JSON at position 25
localhost:3000/simi/song?id=000piIEm2mxUgL -- Thu Aug 13 2020 21:27:09 GMT+0800 (GMT+08:00) -- SyntaxError: Unexpected token { in JSON at position 25
localhost:3000/simi/playlist?id=000piIEm2mxUgL -- Thu Aug 13 2020 21:27:09 GMT+0800 (GMT+08:00) -- Error: Bad Request
localhost:3000/simi/user?id=000piIEm2mxUgL -- Thu Aug 13 2020 21:27:09 GMT+0800 (GMT+08:00) -- Error: Bad Request
localhost:3000/simi/song?id=001qvvgF38HVc4 -- Thu Aug 13 2020 21:42:28 GMT+0800 (GMT+08:00) -- SyntaxError: Unexpected token { in JSON at position 25
localhost:3000/simi/user?id=001qvvgF38HVc4 -- Thu Aug 13 2020 21:42:28 GMT+0800 (GMT+08:00) -- Error: Bad Request
localhost:3000/simi/playlist?id=001qvvgF38HVc4 -- Thu Aug 13 2020 21:42:28 GMT+0800 (GMT+08:00) -- Error: Bad Request
localhost:3000/simi/song?id=003bao750QfjFX -- Thu Aug 13 2020 21:43:31 GMT+0800 (GMT+08:00) -- SyntaxError: Unexpected token { in JSON at position 25
localhost:3000/simi/user?id=003bao750QfjFX -- Thu Aug 13 2020 21:43:31 GMT+0800 (GMT+08:00) -- Error: Bad Request
localhost:3000/simi/playlist?id=003bao750QfjFX -- Thu Aug 13 2020 21:43:31 GMT+0800 (GMT+08:00) -- Error: Bad Request
localhost:3000/simi/playlist?id=001t20aN3mxIsn -- Thu Aug 13 2020 21:50:20 GMT+0800 (GMT+08:00) -- Error: Bad Request
localhost:3000/simi/user?id=001t20aN3mxIsn -- Thu Aug 13 2020 21:50:20 GMT+0800 (GMT+08:00) -- Error: Bad Request
localhost:3000/simi/song?id=001t20aN3mxIsn -- Thu Aug 13 2020 21:50:20 GMT+0800 (GMT+08:00) -- SyntaxError: Unexpected token { in JSON at position 25
localhost:3000/simi/song?id=001MzU812PDvbd -- Thu Aug 13 2020 21:59:09 GMT+0800 (GMT+08:00) -- SyntaxError: Unexpected token { in JSON at position 25
localhost:3000/simi/user?id=001MzU812PDvbd -- Thu Aug 13 2020 21:59:09 GMT+0800 (GMT+08:00) -- Error: Bad Request
localhost:3000/simi/playlist?id=001MzU812PDvbd -- Thu Aug 13 2020 21:59:09 GMT+0800 (GMT+08:00) -- Error: Bad Request
localhost:3000/simi/playlist?id=001CS8o02VTRLy -- Thu Aug 13 2020 22:10:48 GMT+0800 (GMT+08:00) -- Error: Bad Request
localhost:3000/simi/song?id=001CS8o02VTRLy -- Thu Aug 13 2020 22:10:48 GMT+0800 (GMT+08:00) -- SyntaxError: Unexpected token { in JSON at position 25
localhost:3000/simi/user?id=001CS8o02VTRLy -- Thu Aug 13 2020 22:10:48 GMT+0800 (GMT+08:00) -- Error: Bad Request
localhost:3000/search?key=%E6%B5%AE%E5%A4%B8&type=0&pageSize=15&pageNo=1 -- Fri Aug 14 2020 14:48:52 GMT+0800 (GMT+08:00) -- Error: Bad Request
localhost:3000/playlist/detail?id=7671925835&_=1597397410756 -- Fri Aug 14 2020 17:30:11 GMT+0800 (GMT+08:00) -- Error: Not Found
localhost:3000/playlist/detail?id=7671925835&_=1597397435609 -- Fri Aug 14 2020 17:30:36 GMT+0800 (GMT+08:00) -- Error: Not Found
localhost:3000/playlist/detail?id=7671925835&_=1597397691889 -- Fri Aug 14 2020 17:34:52 GMT+0800 (GMT+08:00) -- Error: Not Found
localhost:3000/playlist/detail?id=7671925835&_=1597397732105 -- Fri Aug 14 2020 17:35:32 GMT+0800 (GMT+08:00) -- Error: Not Found
localhost:3000/playlist/detail?id=7671925835&platform=netease&_=1597397837816 -- Fri Aug 14 2020 17:37:18 GMT+0800 (GMT+08:00) -- Error: Not Found
localhost:3000/playlist/detail?id=7671925835&platform=netease&_=1597397851697 -- Fri Aug 14 2020 17:37:32 GMT+0800 (GMT+08:00) -- Error: Not Found
localhost:3000/playlist/detail?id=7671925835&platform=netease&_=1597397889001 -- Fri Aug 14 2020 17:38:09 GMT+0800 (GMT+08:00) -- Error: Not Found
localhost:3000/playlist/detail?id=7671925835&platform=netease&_=1597397890545 -- Fri Aug 14 2020 17:38:10 GMT+0800 (GMT+08:00) -- Error: Not Found
localhost:3000/playlist/detail?id=7671925835&platform=netease&_=1597397959699 -- Fri Aug 14 2020 17:39:19 GMT+0800 (GMT+08:00) -- Error: Not Found
localhost:3000/playlist/detail?id=7671031033&platform=netease&_=1597397969124 -- Fri Aug 14 2020 17:39:29 GMT+0800 (GMT+08:00) -- Error: Not Found
localhost:3000/lyric?id=569157 -- Fri Aug 14 2020 17:43:21 GMT+0800 (GMT+08:00) -- Error: Bad Gateway
localhost:3300/song?songmid=001qvvgF38HVc4 -- Fri Aug 14 2020 17:45:44 GMT+0800 (GMT+08:00) -- Error: socket hang up
localhost:3300/song?songmid=001qvvgF38HVc4 -- Fri Aug 14 2020 17:45:44 GMT+0800 (GMT+08:00) -- Error: socket hang up
localhost:3300/song/batch?songmids=000WN0p44c6fvD,0012neBK2hwKGu,004P0r1L3AmzR2,001Bbywq2gicae,002VBX4F18d2JJ,003fENXC2pQx7U,004UopHN3XV5h9,001IVHSw06Rmqf,002Y0Owp11JozK,001L1lqm4UAdyo,002rZUmU1jolly,002aNiIq3axGPF,0013rnYh1bLQjh,003xPr0621SP5a,003Atn8y3Ofhfr,0004aH0t2zpYJ5,003bwo8b1jXOcj,000ZBuWd2pvizN,003yoYh11PPDeh,002TUjWg1uGRXA,002TThW045SKmf,0022D56u4Dt3VT,001cpBXf0eFj6w,002i9K3248nJpe,002IuK8b1dBWEY,004JwDmI4SGSwW,003ZdaC33bbIB6,0001a93g4ffHo6,002IEcFN1Z4G2x,002XTgy90qgWP9,000Q3iRV2e3nIs,001l7zDR3OaNCb,002wzLnS2RBwgS,003HEa7M35cl94,003Tg8za1EXNGM,0033bXko12HtJA,001LFk7g0CCRjW,000rUPE02Z905o,004X5lS91u07XW,001CMT7I0WUgAh,003H3GIY25ioUj,000wpaXo3RDyoC,001aqnMi2a8O4y,0044lCLh0QK3am,001LmMNg1HUwWf,002r0n0u4g3L0c,003WlV0P1Pd5hJ,0018zT4j1XjSoZ,002CEGy10mjQuV,001BnMyf2u4Sep,003iUwaE16ECBX,000m3j5y4RBsWY,001PZner13Thcg,001Q3Rlo428b8g,003UvNT90rngY5,000zD9G51kXTo7,003Q0Pcc28ZJCg,0005DCNa0ZME3Y,000eQTHD1YKnBe,004TM7dz1auoDT,003Mx6Rn4ItovA,000rT9a41Iz54H,000rthMY4SRqM0,000ZME4T3OpTGI,003mIhq02RaetN,0049qx1M1HSU1g,004NIK6u00TtHx,003a3VHj3aHprh,0007OM5q2EoTPn,003d8RC03hll8b,002wAnPI4048Yr,001My3TU3KDs5U,003q8p102wA1C3,004FxKw225pd90,000FiOjP3ZNUy0,000OFXjz0Nljbh,003dVrDB4H0OWW,001NtQD34GV3Ww,001VHJNG2UKylG,001VQXyh2EXUc0,004N9cJf4A88DP,0024hJh60ngJuH,000EOj2X2S9Ojt,004AaSAY24HSdh,004WzTH919e3ST,0006N5Ai4R7Ykv,000Hschr3Pyw0F,003EZFjh1jRXsa,004BLFeJ3iTPfd,0022G28S2KU1fb,000CxjEy2v5d6X,003Tv3wg3w1wzQ,00121sqp1LkxQb,0044p4R911kZdA,0024xnv12R44qa,003o5t7h4ER5Ad,000wdY0s4A8J3P,003zwawo3CieSL,003VdDgu3dFmCB,000BbrGs0B0mZO,001yVLbI1ZId7i,0019wOZz0ImsLG,004KHbxX1gLLFJ,003MHD9p1yF9PG,004MoYgn3A9N1J,002JGaP80Y09Zg,004IQ6gN43Tw3v,003204Rq3AtMbE,002GJgrh02WwQv,004DRMhq3IZGL1,002T6ygF0DVcJV,002qCSuF1TYmbI,003PSWcB4EDl6P,004coY9R3he5Oh,000Xw16l3CvvA0,001kvsUM3hXmV1,001WC8Pl04ElMG,000BO3xy4fd8BJ,000mgggL3Q0oTH,001piXHg0PoYty,0045CTWC1iksOS,002ihFxm1EarI4,000oLL4y02ugzV,002XfqVj2PFsCR,003PknBM1oespM,004ElzUA2NkRxo,001GAYIR3ehSC1,000VT2fl0sDTmb,003iPErm1ndaEx,000UG6fF0JuEY9,000IzhQu2V83Zc,0007wGEd2R755D,000Li20x2DIRpl,003MUDkf30pS5B,0002b0CB4C7fTI,000OjsEW0QrPAd,000rhz8e0TGHbM,003K7Eff1Dcd0t,000CuWZ41aeVAp,00361GnW1rLWZQ,002zYYIa0IoFql,004FGIwg2Fzt9u,000geRg30YNj5f,004YFR8F0iT9cR,0043WJwI15ssNK,003ObuXm1bkqbV,001lOQET30gyAZ,001oIm1H1vIgBD,002cYe812I5rER,001wBpgw3jBCnm,000PgtCJ2Aoeao,000DRNdE0V9H1y,000a2bMl33mXkU,003ytFCS1KR7Je,001hUNRP0P8g7x,000UNoxP0Ggo22,001Z5Bov1cryIm,004LthD30C23HQ,000p1l6l1tvY8b,000EBKAd3pcoQ2,000WBOXF0UMPjy,003onkvZ3lF4J7,004Gq0xE1YC8xp,002M8hNI2QgtRY,004FY4Sb25Je8K,002F8Aur3G3uJ8,002v1xRG2djwHj,001IpbDW34m1Gy,001X0PDf0W4lBq,001RHWbh22nFd5,002bu0hf1wvo58,000NVLYd1tFtzl,003Gg0kg2QfhvO,0015EQT708bZlQ,0004zcfr0neC9O,004C5mAr1zZcAG,002E8ebM3TFWmA,002kADrZ01iC2L,001nXaB40Q0JQo,003gab3g2kUMwd,001g1ePk3OUtsZ,002wdAQL09JXiz,000dl9WW0HdIh7,000toHZo1K8Bec,001TXSYu1Gwuwv,001OyHbk2MSIi4,000xvKQe4Ka3FD,003FFWnA3AIczD,0046cg3F4gKtzZ,004CZD0K0m3rsi,00485V8K4InqbZ,000uvZHH2lLY7y,002KVKHw4JCGfJ,0010SJps0yaTi8,001KEm381OxiXv,004QXdW72OvbTb,002jLeAp0sRpNP,004SdqaN2SasLc,002WcMHv05zw0g,00322Nxw4UJYtJ,000CWzO30HMFEJ,003k1wvD3qZrYO,001vt7Ky2Vzu3G,002O67PJ1WHVdz,002z7GKb0tIV1i,004KjnjJ03y253,001CSJ2P1PpZUy,004AeOgb0VbsQX,004COrTH04fFeE,001E0xoi0bT36o,000htpmc2e4bE7,003Sz5X72JAjEr,004Dney62lNZ4L,0045QrH20bDSRi,003XkVWy1l4BwT,002tNONJ0vafOs,002XFTpm47ytPo,00060FAc0VZK3J,004FlBNm4ZC3hK,002DIlMZ48qB1F,002g42GY3tUBYL,0021Q51D1kLMTy,003WZmGv0wMpS5,004Rusx52bFs65,00412zIm1mJLWu,002t18Ge438hjG,003PvJzc0ZA7MS,000FG4iv06Z1lH,002P1yob3XvdmT,001YP15T4Kbxah,002B8N3Z37mY7S,003rEktF3sUOVj,004c1ImV1I8fyJ,003BixL43RKrS4,000ieKqx2HxLzt,003wIbRZ452zKP,002EpkOn10lw9Q,001u7SW31PACLY,004Wfs4L2fGv5f,002rHS0N4fpROD,001dOlLd1jxVKK,003xl9d83fVzUJ,0035zHcQ19P5cH,001xGISy2pv0BJ,000qbaC43iaF99,000ahHV93jsujl,003NmwbN1inMHr,004ILgUe2ZtaVV,00403PLt2D5TFY,001Ld6UI1JV7cj,004IYwe70mOpsH,000bFSH51bZexh,0041ApE52LUaaB,000Kq5sU2UyO0P,000fEOIM4Rgu9h,002XNnNJ2vR6Y7,000BFGxc3DVDgc,000caEMG26rgT3,001qUsNq4NndbP,002gOgtN3VNrts,000JtEgB3NZaC1,002HU5nK3avYFB,000zfkGP4Q6cEN,000t6chb01WdNM,003WjRGk1b3FPN,0019pVKO0ilsB4,001ehD740LsUyN,004MNx131qfGPB,001GYKqC2RSFQo,002jwwr20ZasvK,004CyF7X3CW4k0,002xdcpl2el34a,004J70Fk0xuH4Q,002FvmEE4Q4Ygx,003qKlqV1PVMB8,0002LUJw0FbxTv,000LJm9W4NIrCB,004L0LTZ1KpfmX,002CQ7e82p2SCl,001Q7x6G2b3Lav,003mbrxP1icccV,0006qyFa2EtRip,003zJGba3VVI0M,001BGjpW365Bo9,001uf4ye1RwkM7,000zHfWw3pvMK5,003xwWKv0g5q1a,001bPjmC49ZP5Y,004dCFXA2HIO1m,003clL2S0lVVSF,003fErJ50exibE,000y7ndr2d2xvr,000HO1JU263tvF,0013QzWN15jro3,002kFk6g2eq9Cu,003d58uv0yqA2S,000aw4vt4WlTkU,000lfUXj1CHOFm,000QwRBd3EaH3f,004fp4Am0EIQkw,00012fJh13twAw,000lhxPp0qLmsJ,003GkuJW0vWdti,003scKFH0d5nJw,0027pEFt0pRjmv,003aGO2l1Z0ksa,001opPQX0wDbSP,002oBYh54ajFM8,0027ONUW2LfLon,004gZcx73IwGA2,0041EcuR1hKa5e,003fREw446DGCl,000tMIbH2f7PBT,001g12tE2copVO,0027fKt53UIZFn,000YuLCN4ZdpyF,000edAg12jLBrN,000f5NqB2Dmcx2,004axiFF0pLYmO,004Xcfbz2tNqPh,002qSADk0W7ZuB,002uGKVN4FBa6f,000rnXvS2DFTXb,001hs89m3C5p3g,001waKwv3KXEtl,000J5T6B1GySI5,003LTSwp2aOIdu,0012yH270BEQHq,000Hn0WO2swcEJ,001IgwQc3yG2dD,003KtYhg4frNXC,0042ih853gboG4,000fcbn33tw0lQ,002k8T822vDflM,000L7Eyd2G1rrg,000NuL6j0t7qjz,002KFrj71mFIHJ,0049ebyI44CMAt,0017SarT24CWOU,003ED9O60hxmrj,002v8e1V0yiw0j,00085NVI1qIXLB,004DXFlC0nsTCZ,001yYM0I30CzdP,003871Zt1KjZgu,003r8xzw3Nn5vr,0006fYud14sTrG,004avNGA3SGsSB,0043yF4Q048f8I,004gFNAz31Kv2Z,001z6sUd46usym,000stCbL2hJ44Q,003965P32mE37J,003F4EvO0UORuD,000SF7bH4A2uy3,001Mw1q02e43GH,000L8lFG0tU3yw,000WUjqT2HHIKd,002IUK9C4d9Hza,000Rhqpg3dBQKr,003ZupsR1fsyVN,003ZrdgZ0UnjDl,002hhc2W19qY1m,0033L69K2gJ0ti,0013575U3YFT7T,001eIbXy0vYMvK,000JGDkf3NS7YH,000K7Tmh2v3Zwc,003ak99h2GqxuR,004CHDvj1fkGcG,001LYGNh2omdMR,001TaYx70piS1k,003X5GHO2HUFcV,003V5znv2Cgy1D,0031tvqb2vMdXU,003nqw4Z17afVe,0040aW8W4Zr8cA,0049CSPt2xq2Gr,002mASQc3pH9Hx,000TMXbb0YI0Gx,002bwOah1iUiLU,001xaHKq0TFqDr,004QIEww2AMsrR,0020xcsL2R7Acx,000xRG4E4diqXD,004e5Rki0q01jK,003seYSQ1QKbSJ,002Fo1gy0xOzxZ,0025u5yD2Dgpf0,004GWiOZ1ZfSzv,002xdDqK3GkHVO,004gXnCs2d1vUu,004SHcbG2ifLuG,003gUMnj3mMwLZ,003AUNp03khumf,001BCrxn35Co8h,001Wt8jA3jSXyi,003ACwG90LASxd,004KC4kI3SczbB,0029dqHX0nuawd,001noXeV2t4R80,0037K4vg2IaLqH,000X26xH2d2TiD,0020lMbb1ERe3S,004M3yRr3kOfnS,000pJHQk2j79EB,001ZTypg2U9i9H,0013h3tR2gtweR,003aUZnj2ZqFZR,000lh2eo2W5rDp,004Yg5U91oq478,002n6yEu0bB7nb,0031Bum640mLPV,000BQN8F1YTHXK,000I2tFx1q9D3g,002sQmPv4FZtJl,004Grpmv0XxP1o,0022Cles2nMgmL,001Skp5s0Xmub7,003U3vTS4RwzZJ,001thJ1m0Fd093,001HXIzh1hfxKw,001KFYaj22AdGU,001acyeA4FeP4Y,000pl5Uc3iqg9X,003e4apx32rpGF,001lPE2B4BM2iq,0036mCKA4cNMUM,000kW6Y207RN63,001oLd7Z48MoXu,002lH3Qm087FIS,000rExbG03qRId,00422Uev4dpLmR,000GTr5p4Dis87,000PEjhH1GnDZ2,002dDMDb14vGR6,003PEnmV03p7nt,002Zn1Ue0qTsI7,004YgZyR3TUwMV,004PbRDk4K0mOr,002kEmo03nndAB,0038OKFK36DBB6,004QqE7O1VrLq5,002jrrui1cAoLp,000tsFRJ3HDag2,000tpl2y45gXzz,004NLxBj4PSBkf,000GGUnm0tk3le,004EruFu0Uhl4F,003brcrl0vDRFf,002mwwCs3vpyaH,001mqjSg2x18Nb,002e0YXh1hBqsl,001gKS864QrP7q,004dICBM2SrMCN,001fTFGe0LqzdT,002BWGZQ2UKjKn,000J5O4S25SPGF,003Nh4Ja1A6nTm,002COmzJ0SPZMl,0028PYV62F9p03,000uudVk3mOkxW,002H0K0K2p6TMT,000ocSdp4SSl6P,000xlb0E18Krwy,000wfrGx2CpJmY,000IqeqJ46DKga,001wvE1T2voMFO,002pswgu1mUCh6,001au8Nl224baT,000hrbVb2bGJ71,004Fimy419PpsA,003NGKTc2tabpb,0030qumA115lmd,004cjoto3DJHXO,003jLXeL4UrzJ8,000STsvn0AXtPb,000U926L3O5WZ0,003XfCwi4ORhLh,000hsEco0QN1do,001zgoLn3UZwoX,0008xZmr2AqPWZ,000kt3hk4anpun,0013uCFc0CZ4NY,0042QMDR1VzSsx,0013WPvt4fQH2b,001U2GJO2hSzQW,000jICmM0Z3kGy,001qdEAa0KzTOa,003epmI71tGnjm,002C0ZcC43TQfk,001chLyQ0X0HkT,001LokF20Yw4xD,0041EAWY2D9o9j,001SCeNA1ysL0k,004XePmv4CsaEq,003gEieV0zvbsf,001tzPOl3AaNOj,0045KLbl18QqyB,0016aHoC1IyI1d,002qKq0c25SbYq,0033upXO0xmskX,002pk70j0rkJOE,001hoRPW23jSPU,001bxJQH4fgT53,0003z6Jf1zFjcU,001gVCUo0H9hO2,001ucwE018fmRe,0025Bloq2PcB4m,004K6Ne61a1VA8,001zZDxD3AR3pL,0013gJ1E1H5Zop,001najn71nF7bq,003ZCgk22ZmbZZ,001OFCtb1K2hBU,004geL9D0EnH32,003JOr0u4FQXL1,001J4FTi3A2UH8,003MuKtY3dYALN,004NQAWK4RFPVF,001HD0L03jAkL7,0016Ta7G3gXS2y,002XLyOB0TsX0e,004OSEdX2ZLqfi,001T0nhP3gFjAR,001MR5sy1ObBRB,001uujEI04PaT7,001ZA1PB3m0vsv,002H2jvQ2T3NMa,004LuQoP1G9TTc,000NzyiL1TomsS,003U9xiK4bRQAR,0033KRZ94F3Eg3,003vsifF2KmR4N,003oF6Lb14seH7,002fxPjv4WhI5E,002k0qa50C6eFn,001WHgkf4FwHSd,002qmAhS43w6gA,003eIijX4M7s6B,0032r1Vv2Qnjjb,00414zNK4H9oWE,003iqugZ4LQ9P6,000p3XN73Y5vV6,002b62yO0wGEM3,002IySEk3T3l3L,001YVibf31Zrcb,002ABVAV4auIYi,001tYweH1iGcZf,004Dc9pT3ctghw,003aOo302xJkoR,001lfSO21v4ru6,003BAow73c7ScH,004XgRb432T9vx,0028bW2Y4F28K3,002Pjrra14govM,00408HtF0CcL2L,003topLD0uCPzu,004KSj0U2p13x0,004fTQvQ2rKqN3,004gIRdh1fSrOB,0029Trp4461bN9,0001gI9c0ABf0L,0024efKh0LvMzk,001Iswsb1Zq1FN,00294jWL1xkH4P,003RMKTK1nrSvY,004295Et37taLD,0040u9da4Twqmr,003QGLRb3MMbTo,003Zlmmb2yOosx,000sC39p0WyQyy,000DMkK216XCQy,003WCLEt1MieCc,00200bBX4Web93,000ecNEj3NXzzL,000W95Fk3lAVxV,003vUjJp3QwFcd,002X2A9s2qIVBe,003NkrBw3ObJ9a,004g1o2R3kQpy8,004DJGKS05eZ7K,004Uln1G2Aunqw,001i6Qz82y6vRc,000NHikR1jV7Zz,003sNxeY0gs6oL,004QLIGq0e51Ij,000junkg15bKSI,0037sebg23jTFg,0000hpNF1diABd,001Idu6i4Hb3ba,001xLIXo2w9V7U,001qvvgF38HVc4,00118ZBR49qUk4,003gUhuW1tYujy,000XvHdN03d8bP,0006TtYS4PmLxG,0008Qpob45Y6h7,003fsZyB0GgVLx,001p6QaX4gTDMX,003U7jQQ02YVAv,002Ce1kE4crzRK,000XeLXA3X8CTH,002NJi6r1K0N1q,002uAD4C2mhXlc,001wPt5q0NOwme,003kC9Vx0LrGdd,002L01PJ351pZp,004JzTGG0z214x,003LX8C017dmc7,0019poBi3UjGCV,001r2GuE0qI8f1,000IS4iG07Wwhr,0043rnSA1p9Mcj,0023WqVX2vlTcn,003nQFbq3DmGkJ,001PTehZ3Q6vCM,000r7tET44xXjJ,000UaAy11msAFA,001evmuP29rXfo,0022K0dp3oU9tD,003r8zKA1NRSNz,0019RlYk40MZSC,000sbwW11qld3A,001BLxpK3G0ErM,004e76YU3lyeiW,003iL4i04SuTGG,0041WNvp0LQJBI,002h75qq3RxMH1,0026sCB23ah2wI,001sc3J33UuwB4,003SKExa05Npec,003oaKCi1TUwVK,003Cqo4Q1o87dx,004Hy0mj2EEvtO,002w3xPC0roN3t,003N6Jiq4Qf4OI,004b8e4U3Gnwv5,002NwUd73d9ONO,001U6bWh2XDFOU,0018cV1J4NHRp5,0024zvnU0Y5jLO,0008y2Nk0IEH0p,000oWIzL0AhbL5,001s4kFx2S46Cr,001dYkit3zUXSZ,002B8TVt2H21sJ,003DaVy73oKfqW,0025nPoq3lM9c1,001Hp44V3pCQ53,002uBSiC1hbInQ,000LhToj3HSWNk,003fuzaw23NVKb,00075k2n3LXiqz,001F5NJU2l4Ngb,000KjEpS3aOkMR,000mYvlv2HvIg5,003xnepc40S6oM,002fq3Eb2JQd5b,0009iUjr32xUXR,003w8jjf1g8qVB,004ApISC1q2pph,000Md1wq0vnwzE,0019n6dS204TzZ -- Fri Aug 14 2020 18:29:41 GMT+0800 (GMT+08:00) -- Error: Request Header Fields Too Large
localhost:3300/song/batch?songmids=000WN0p44c6fvD,0012neBK2hwKGu,004P0r1L3AmzR2,001Bbywq2gicae,002VBX4F18d2JJ,003fENXC2pQx7U,004UopHN3XV5h9,001IVHSw06Rmqf,002Y0Owp11JozK,001L1lqm4UAdyo,002rZUmU1jolly,002aNiIq3axGPF,0013rnYh1bLQjh,003xPr0621SP5a,003Atn8y3Ofhfr,0004aH0t2zpYJ5,003bwo8b1jXOcj,000ZBuWd2pvizN,003yoYh11PPDeh,002TUjWg1uGRXA,002TThW045SKmf,0022D56u4Dt3VT,001cpBXf0eFj6w,002i9K3248nJpe,002IuK8b1dBWEY,004JwDmI4SGSwW,003ZdaC33bbIB6,0001a93g4ffHo6,002IEcFN1Z4G2x,002XTgy90qgWP9,000Q3iRV2e3nIs,001l7zDR3OaNCb,002wzLnS2RBwgS,003HEa7M35cl94,003Tg8za1EXNGM,0033bXko12HtJA,001LFk7g0CCRjW,000rUPE02Z905o,004X5lS91u07XW,001CMT7I0WUgAh,003H3GIY25ioUj,000wpaXo3RDyoC,001aqnMi2a8O4y,0044lCLh0QK3am,001LmMNg1HUwWf,002r0n0u4g3L0c,003WlV0P1Pd5hJ,0018zT4j1XjSoZ,002CEGy10mjQuV,001BnMyf2u4Sep,003iUwaE16ECBX,000m3j5y4RBsWY,001PZner13Thcg,001Q3Rlo428b8g,003UvNT90rngY5,000zD9G51kXTo7,003Q0Pcc28ZJCg,0005DCNa0ZME3Y,000eQTHD1YKnBe,004TM7dz1auoDT,003Mx6Rn4ItovA,000rT9a41Iz54H,000rthMY4SRqM0,000ZME4T3OpTGI,003mIhq02RaetN,0049qx1M1HSU1g,004NIK6u00TtHx,003a3VHj3aHprh,0007OM5q2EoTPn,003d8RC03hll8b,002wAnPI4048Yr,001My3TU3KDs5U,003q8p102wA1C3,004FxKw225pd90,000FiOjP3ZNUy0,000OFXjz0Nljbh,003dVrDB4H0OWW,001NtQD34GV3Ww,001VHJNG2UKylG,001VQXyh2EXUc0,004N9cJf4A88DP,0024hJh60ngJuH,000EOj2X2S9Ojt,004AaSAY24HSdh,004WzTH919e3ST,0006N5Ai4R7Ykv,000Hschr3Pyw0F,003EZFjh1jRXsa,004BLFeJ3iTPfd,0022G28S2KU1fb,000CxjEy2v5d6X,003Tv3wg3w1wzQ,00121sqp1LkxQb,0044p4R911kZdA,0024xnv12R44qa,003o5t7h4ER5Ad,000wdY0s4A8J3P,003zwawo3CieSL,003VdDgu3dFmCB,000BbrGs0B0mZO,001yVLbI1ZId7i,0019wOZz0ImsLG,004KHbxX1gLLFJ,003MHD9p1yF9PG,004MoYgn3A9N1J,002JGaP80Y09Zg,004IQ6gN43Tw3v,003204Rq3AtMbE,002GJgrh02WwQv,004DRMhq3IZGL1,002T6ygF0DVcJV,002qCSuF1TYmbI,003PSWcB4EDl6P,004coY9R3he5Oh,000Xw16l3CvvA0,001kvsUM3hXmV1,001WC8Pl04ElMG,000BO3xy4fd8BJ,000mgggL3Q0oTH,001piXHg0PoYty,0045CTWC1iksOS,002ihFxm1EarI4,000oLL4y02ugzV,002XfqVj2PFsCR,003PknBM1oespM,004ElzUA2NkRxo,001GAYIR3ehSC1,000VT2fl0sDTmb,003iPErm1ndaEx,000UG6fF0JuEY9,000IzhQu2V83Zc,0007wGEd2R755D,000Li20x2DIRpl,003MUDkf30pS5B,0002b0CB4C7fTI,000OjsEW0QrPAd,000rhz8e0TGHbM,003K7Eff1Dcd0t,000CuWZ41aeVAp,00361GnW1rLWZQ,002zYYIa0IoFql,004FGIwg2Fzt9u,000geRg30YNj5f,004YFR8F0iT9cR,0043WJwI15ssNK,003ObuXm1bkqbV,001lOQET30gyAZ,001oIm1H1vIgBD,002cYe812I5rER,001wBpgw3jBCnm,000PgtCJ2Aoeao,000DRNdE0V9H1y,000a2bMl33mXkU,003ytFCS1KR7Je,001hUNRP0P8g7x,000UNoxP0Ggo22,001Z5Bov1cryIm,004LthD30C23HQ,000p1l6l1tvY8b,000EBKAd3pcoQ2,000WBOXF0UMPjy,003onkvZ3lF4J7,004Gq0xE1YC8xp,002M8hNI2QgtRY,004FY4Sb25Je8K,002F8Aur3G3uJ8,002v1xRG2djwHj,001IpbDW34m1Gy,001X0PDf0W4lBq,001RHWbh22nFd5,002bu0hf1wvo58,000NVLYd1tFtzl,003Gg0kg2QfhvO,0015EQT708bZlQ,0004zcfr0neC9O,004C5mAr1zZcAG,002E8ebM3TFWmA,002kADrZ01iC2L,001nXaB40Q0JQo,003gab3g2kUMwd,001g1ePk3OUtsZ,002wdAQL09JXiz,000dl9WW0HdIh7,000toHZo1K8Bec,001TXSYu1Gwuwv,001OyHbk2MSIi4,000xvKQe4Ka3FD,003FFWnA3AIczD,0046cg3F4gKtzZ,004CZD0K0m3rsi,00485V8K4InqbZ,000uvZHH2lLY7y,002KVKHw4JCGfJ,0010SJps0yaTi8,001KEm381OxiXv,004QXdW72OvbTb,002jLeAp0sRpNP,004SdqaN2SasLc,002WcMHv05zw0g,00322Nxw4UJYtJ,000CWzO30HMFEJ,003k1wvD3qZrYO,001vt7Ky2Vzu3G,002O67PJ1WHVdz,002z7GKb0tIV1i,004KjnjJ03y253,001CSJ2P1PpZUy,004AeOgb0VbsQX,004COrTH04fFeE,001E0xoi0bT36o,000htpmc2e4bE7,003Sz5X72JAjEr,004Dney62lNZ4L,0045QrH20bDSRi,003XkVWy1l4BwT,002tNONJ0vafOs,002XFTpm47ytPo,00060FAc0VZK3J,004FlBNm4ZC3hK,002DIlMZ48qB1F,002g42GY3tUBYL,0021Q51D1kLMTy,003WZmGv0wMpS5,004Rusx52bFs65,00412zIm1mJLWu,002t18Ge438hjG,003PvJzc0ZA7MS,000FG4iv06Z1lH,002P1yob3XvdmT,001YP15T4Kbxah,002B8N3Z37mY7S,003rEktF3sUOVj,004c1ImV1I8fyJ,003BixL43RKrS4,000ieKqx2HxLzt,003wIbRZ452zKP,002EpkOn10lw9Q,001u7SW31PACLY,004Wfs4L2fGv5f,002rHS0N4fpROD,001dOlLd1jxVKK,003xl9d83fVzUJ,0035zHcQ19P5cH,001xGISy2pv0BJ,000qbaC43iaF99,000ahHV93jsujl,003NmwbN1inMHr,004ILgUe2ZtaVV,00403PLt2D5TFY,001Ld6UI1JV7cj,004IYwe70mOpsH,000bFSH51bZexh,0041ApE52LUaaB,000Kq5sU2UyO0P,000fEOIM4Rgu9h,002XNnNJ2vR6Y7,000BFGxc3DVDgc,000caEMG26rgT3,001qUsNq4NndbP,002gOgtN3VNrts,000JtEgB3NZaC1,002HU5nK3avYFB,000zfkGP4Q6cEN,000t6chb01WdNM,003WjRGk1b3FPN,0019pVKO0ilsB4,001ehD740LsUyN,004MNx131qfGPB,001GYKqC2RSFQo,002jwwr20ZasvK,004CyF7X3CW4k0,002xdcpl2el34a,004J70Fk0xuH4Q,002FvmEE4Q4Ygx,003qKlqV1PVMB8,0002LUJw0FbxTv,000LJm9W4NIrCB,004L0LTZ1KpfmX,002CQ7e82p2SCl,001Q7x6G2b3Lav,003mbrxP1icccV,0006qyFa2EtRip,003zJGba3VVI0M,001BGjpW365Bo9,001uf4ye1RwkM7,000zHfWw3pvMK5,003xwWKv0g5q1a,001bPjmC49ZP5Y,004dCFXA2HIO1m,003clL2S0lVVSF,003fErJ50exibE,000y7ndr2d2xvr,000HO1JU263tvF,0013QzWN15jro3,002kFk6g2eq9Cu,003d58uv0yqA2S,000aw4vt4WlTkU,000lfUXj1CHOFm,000QwRBd3EaH3f,004fp4Am0EIQkw,00012fJh13twAw,000lhxPp0qLmsJ,003GkuJW0vWdti,003scKFH0d5nJw,0027pEFt0pRjmv,003aGO2l1Z0ksa,001opPQX0wDbSP,002oBYh54ajFM8,0027ONUW2LfLon,004gZcx73IwGA2,0041EcuR1hKa5e,003fREw446DGCl,000tMIbH2f7PBT,001g12tE2copVO,0027fKt53UIZFn,000YuLCN4ZdpyF,000edAg12jLBrN,000f5NqB2Dmcx2,004axiFF0pLYmO,004Xcfbz2tNqPh,002qSADk0W7ZuB,002uGKVN4FBa6f,000rnXvS2DFTXb,001hs89m3C5p3g,001waKwv3KXEtl,000J5T6B1GySI5,003LTSwp2aOIdu,0012yH270BEQHq,000Hn0WO2swcEJ,001IgwQc3yG2dD,003KtYhg4frNXC,0042ih853gboG4,000fcbn33tw0lQ,002k8T822vDflM,000L7Eyd2G1rrg,000NuL6j0t7qjz,002KFrj71mFIHJ,0049ebyI44CMAt,0017SarT24CWOU,003ED9O60hxmrj,002v8e1V0yiw0j,00085NVI1qIXLB,004DXFlC0nsTCZ,001yYM0I30CzdP,003871Zt1KjZgu,003r8xzw3Nn5vr,0006fYud14sTrG,004avNGA3SGsSB,0043yF4Q048f8I,004gFNAz31Kv2Z,001z6sUd46usym,000stCbL2hJ44Q,003965P32mE37J,003F4EvO0UORuD,000SF7bH4A2uy3,001Mw1q02e43GH,000L8lFG0tU3yw,000WUjqT2HHIKd,002IUK9C4d9Hza,000Rhqpg3dBQKr,003ZupsR1fsyVN,003ZrdgZ0UnjDl,002hhc2W19qY1m,0033L69K2gJ0ti,0013575U3YFT7T,001eIbXy0vYMvK,000JGDkf3NS7YH,000K7Tmh2v3Zwc,003ak99h2GqxuR,004CHDvj1fkGcG,001LYGNh2omdMR,001TaYx70piS1k,003X5GHO2HUFcV,003V5znv2Cgy1D,0031tvqb2vMdXU,003nqw4Z17afVe,0040aW8W4Zr8cA,0049CSPt2xq2Gr,002mASQc3pH9Hx,000TMXbb0YI0Gx,002bwOah1iUiLU,001xaHKq0TFqDr,004QIEww2AMsrR,0020xcsL2R7Acx,000xRG4E4diqXD,004e5Rki0q01jK,003seYSQ1QKbSJ,002Fo1gy0xOzxZ,0025u5yD2Dgpf0,004GWiOZ1ZfSzv,002xdDqK3GkHVO,004gXnCs2d1vUu,004SHcbG2ifLuG,003gUMnj3mMwLZ,003AUNp03khumf,001BCrxn35Co8h,001Wt8jA3jSXyi,003ACwG90LASxd,004KC4kI3SczbB,0029dqHX0nuawd,001noXeV2t4R80,0037K4vg2IaLqH,000X26xH2d2TiD,0020lMbb1ERe3S,004M3yRr3kOfnS,000pJHQk2j79EB,001ZTypg2U9i9H,0013h3tR2gtweR,003aUZnj2ZqFZR,000lh2eo2W5rDp,004Yg5U91oq478,002n6yEu0bB7nb,0031Bum640mLPV,000BQN8F1YTHXK,000I2tFx1q9D3g,002sQmPv4FZtJl,004Grpmv0XxP1o,0022Cles2nMgmL,001Skp5s0Xmub7,003U3vTS4RwzZJ,001thJ1m0Fd093,001HXIzh1hfxKw,001KFYaj22AdGU,001acyeA4FeP4Y,000pl5Uc3iqg9X,003e4apx32rpGF,001lPE2B4BM2iq,0036mCKA4cNMUM,000kW6Y207RN63,001oLd7Z48MoXu,002lH3Qm087FIS,000rExbG03qRId,00422Uev4dpLmR,000GTr5p4Dis87,000PEjhH1GnDZ2,002dDMDb14vGR6,003PEnmV03p7nt,002Zn1Ue0qTsI7,004YgZyR3TUwMV,004PbRDk4K0mOr,002kEmo03nndAB,0038OKFK36DBB6,004QqE7O1VrLq5,002jrrui1cAoLp,000tsFRJ3HDag2,000tpl2y45gXzz,004NLxBj4PSBkf,000GGUnm0tk3le,004EruFu0Uhl4F,003brcrl0vDRFf,002mwwCs3vpyaH,001mqjSg2x18Nb,002e0YXh1hBqsl,001gKS864QrP7q,004dICBM2SrMCN,001fTFGe0LqzdT,002BWGZQ2UKjKn,000J5O4S25SPGF,003Nh4Ja1A6nTm,002COmzJ0SPZMl,0028PYV62F9p03,000uudVk3mOkxW,002H0K0K2p6TMT,000ocSdp4SSl6P,000xlb0E18Krwy,000wfrGx2CpJmY,000IqeqJ46DKga,001wvE1T2voMFO,002pswgu1mUCh6,001au8Nl224baT,000hrbVb2bGJ71,004Fimy419PpsA,003NGKTc2tabpb,0030qumA115lmd,004cjoto3DJHXO,003jLXeL4UrzJ8,000STsvn0AXtPb,000U926L3O5WZ0,003XfCwi4ORhLh,000hsEco0QN1do,001zgoLn3UZwoX,0008xZmr2AqPWZ,000kt3hk4anpun,0013uCFc0CZ4NY,0042QMDR1VzSsx,0013WPvt4fQH2b,001U2GJO2hSzQW,000jICmM0Z3kGy,001qdEAa0KzTOa,003epmI71tGnjm,002C0ZcC43TQfk,001chLyQ0X0HkT,001LokF20Yw4xD,0041EAWY2D9o9j,001SCeNA1ysL0k,004XePmv4CsaEq,003gEieV0zvbsf,001tzPOl3AaNOj,0045KLbl18QqyB,0016aHoC1IyI1d,002qKq0c25SbYq,0033upXO0xmskX,002pk70j0rkJOE,001hoRPW23jSPU,001bxJQH4fgT53,0003z6Jf1zFjcU,001gVCUo0H9hO2,001ucwE018fmRe,0025Bloq2PcB4m,004K6Ne61a1VA8,001zZDxD3AR3pL,0013gJ1E1H5Zop,001najn71nF7bq,003ZCgk22ZmbZZ,001OFCtb1K2hBU,004geL9D0EnH32,003JOr0u4FQXL1,001J4FTi3A2UH8,003MuKtY3dYALN,004NQAWK4RFPVF,001HD0L03jAkL7,0016Ta7G3gXS2y,002XLyOB0TsX0e,004OSEdX2ZLqfi,001T0nhP3gFjAR,001MR5sy1ObBRB,001uujEI04PaT7,001ZA1PB3m0vsv,002H2jvQ2T3NMa,004LuQoP1G9TTc,000NzyiL1TomsS,003U9xiK4bRQAR,0033KRZ94F3Eg3,003vsifF2KmR4N,003oF6Lb14seH7,002fxPjv4WhI5E,002k0qa50C6eFn,001WHgkf4FwHSd,002qmAhS43w6gA,003eIijX4M7s6B,0032r1Vv2Qnjjb,00414zNK4H9oWE,003iqugZ4LQ9P6,000p3XN73Y5vV6,002b62yO0wGEM3,002IySEk3T3l3L,001YVibf31Zrcb,002ABVAV4auIYi,001tYweH1iGcZf,004Dc9pT3ctghw,003aOo302xJkoR,001lfSO21v4ru6,003BAow73c7ScH,004XgRb432T9vx,0028bW2Y4F28K3,002Pjrra14govM,00408HtF0CcL2L,003topLD0uCPzu,004KSj0U2p13x0,004fTQvQ2rKqN3,004gIRdh1fSrOB,0029Trp4461bN9,0001gI9c0ABf0L,0024efKh0LvMzk,001Iswsb1Zq1FN,00294jWL1xkH4P,003RMKTK1nrSvY,004295Et37taLD,0040u9da4Twqmr,003QGLRb3MMbTo,003Zlmmb2yOosx,000sC39p0WyQyy,000DMkK216XCQy,003WCLEt1MieCc,00200bBX4Web93,000ecNEj3NXzzL,000W95Fk3lAVxV,003vUjJp3QwFcd,002X2A9s2qIVBe,003NkrBw3ObJ9a,004g1o2R3kQpy8,004DJGKS05eZ7K,004Uln1G2Aunqw,001i6Qz82y6vRc,000NHikR1jV7Zz,003sNxeY0gs6oL,004QLIGq0e51Ij,000junkg15bKSI,0037sebg23jTFg,0000hpNF1diABd,001Idu6i4Hb3ba,001xLIXo2w9V7U,001qvvgF38HVc4,00118ZBR49qUk4,003gUhuW1tYujy,000XvHdN03d8bP,0006TtYS4PmLxG,0008Qpob45Y6h7,003fsZyB0GgVLx,001p6QaX4gTDMX,003U7jQQ02YVAv,002Ce1kE4crzRK,000XeLXA3X8CTH,002NJi6r1K0N1q,002uAD4C2mhXlc,001wPt5q0NOwme,003kC9Vx0LrGdd,002L01PJ351pZp,004JzTGG0z214x,003LX8C017dmc7,0019poBi3UjGCV,001r2GuE0qI8f1,000IS4iG07Wwhr,0043rnSA1p9Mcj,0023WqVX2vlTcn,003nQFbq3DmGkJ,001PTehZ3Q6vCM,000r7tET44xXjJ,000UaAy11msAFA,001evmuP29rXfo,0022K0dp3oU9tD,003r8zKA1NRSNz,0019RlYk40MZSC,000sbwW11qld3A,001BLxpK3G0ErM,004e76YU3lyeiW,003iL4i04SuTGG,0041WNvp0LQJBI,002h75qq3RxMH1,0026sCB23ah2wI,001sc3J33UuwB4,003SKExa05Npec,003oaKCi1TUwVK,003Cqo4Q1o87dx,004Hy0mj2EEvtO,002w3xPC0roN3t,003N6Jiq4Qf4OI,004b8e4U3Gnwv5,002NwUd73d9ONO,001U6bWh2XDFOU,0018cV1J4NHRp5,0024zvnU0Y5jLO,0008y2Nk0IEH0p,000oWIzL0AhbL5,001s4kFx2S46Cr,001dYkit3zUXSZ,002B8TVt2H21sJ,003DaVy73oKfqW,0025nPoq3lM9c1,001Hp44V3pCQ53,002uBSiC1hbInQ,000LhToj3HSWNk,003fuzaw23NVKb,00075k2n3LXiqz,001F5NJU2l4Ngb,000KjEpS3aOkMR,000mYvlv2HvIg5,003xnepc40S6oM,002fq3Eb2JQd5b,0009iUjr32xUXR,003w8jjf1g8qVB,004ApISC1q2pph,000Md1wq0vnwzE,0019n6dS204TzZ -- Fri Aug 14 2020 18:31:54 GMT+0800 (GMT+08:00) -- Error: Request Header Fields Too Large
localhost:3300/song/batch?songmids=000rUPE02Z905o,004X5lS91u07XW,001CMT7I0WUgAh,003H3GIY25ioUj,000wpaXo3RDyoC,001aqnMi2a8O4y,0044lCLh0QK3am,001LmMNg1HUwWf,002r0n0u4g3L0c,003WlV0P1Pd5hJ,0018zT4j1XjSoZ,002CEGy10mjQuV,001BnMyf2u4Sep,003iUwaE16ECBX,000m3j5y4RBsWY,001PZner13Thcg,001Q3Rlo428b8g,003UvNT90rngY5,000zD9G51kXTo7,003Q0Pcc28ZJCg,0005DCNa0ZME3Y,000eQTHD1YKnBe,004TM7dz1auoDT,003Mx6Rn4ItovA,000rT9a41Iz54H,000rthMY4SRqM0,000ZME4T3OpTGI,003mIhq02RaetN,0049qx1M1HSU1g,004NIK6u00TtHx,003a3VHj3aHprh,0007OM5q2EoTPn,003d8RC03hll8b,002wAnPI4048Yr,001My3TU3KDs5U,003q8p102wA1C3,004FxKw225pd90,000FiOjP3ZNUy0,000OFXjz0Nljbh,003dVrDB4H0OWW,001NtQD34GV3Ww,001VHJNG2UKylG,001VQXyh2EXUc0,004N9cJf4A88DP,0024hJh60ngJuH,000EOj2X2S9Ojt,004AaSAY24HSdh,004WzTH919e3ST,0006N5Ai4R7Ykv,000Hschr3Pyw0F,003EZFjh1jRXsa,004BLFeJ3iTPfd,0022G28S2KU1fb,000CxjEy2v5d6X,003Tv3wg3w1wzQ,00121sqp1LkxQb,0044p4R911kZdA,0024xnv12R44qa,003o5t7h4ER5Ad,000wdY0s4A8J3P,003zwawo3CieSL,003VdDgu3dFmCB,000BbrGs0B0mZO,001yVLbI1ZId7i,0019wOZz0ImsLG,004KHbxX1gLLFJ,003MHD9p1yF9PG,004MoYgn3A9N1J,002JGaP80Y09Zg,004IQ6gN43Tw3v,003204Rq3AtMbE,002GJgrh02WwQv,004DRMhq3IZGL1,002T6ygF0DVcJV,002qCSuF1TYmbI,003PSWcB4EDl6P,004coY9R3he5Oh,000Xw16l3CvvA0,001kvsUM3hXmV1,001WC8Pl04ElMG,000BO3xy4fd8BJ,000mgggL3Q0oTH,001piXHg0PoYty,0045CTWC1iksOS,002ihFxm1EarI4,000oLL4y02ugzV,002XfqVj2PFsCR,003PknBM1oespM,004ElzUA2NkRxo,001GAYIR3ehSC1,000VT2fl0sDTmb,003iPErm1ndaEx,000UG6fF0JuEY9,000IzhQu2V83Zc,0007wGEd2R755D,000Li20x2DIRpl,003MUDkf30pS5B,0002b0CB4C7fTI,000OjsEW0QrPAd,000rhz8e0TGHbM -- Fri Aug 14 2020 18:39:36 GMT+0800 (GMT+08:00) -- Error: read ECONNRESET
localhost:3300/song/batch?songmids=0012neBK2hwKGu,004P0r1L3AmzR2,001Bbywq2gicae,002VBX4F18d2JJ,003fENXC2pQx7U,004UopHN3XV5h9,001IVHSw06Rmqf,002Y0Owp11JozK,001L1lqm4UAdyo,002rZUmU1jolly,002aNiIq3axGPF,0013rnYh1bLQjh,003xPr0621SP5a,003Atn8y3Ofhfr,0004aH0t2zpYJ5,003bwo8b1jXOcj,000ZBuWd2pvizN,003yoYh11PPDeh,002TUjWg1uGRXA,002TThW045SKmf,0022D56u4Dt3VT,001cpBXf0eFj6w,002i9K3248nJpe,002IuK8b1dBWEY,004JwDmI4SGSwW,003ZdaC33bbIB6,0001a93g4ffHo6,002IEcFN1Z4G2x,002XTgy90qgWP9,000Q3iRV2e3nIs,001l7zDR3OaNCb,002wzLnS2RBwgS,003HEa7M35cl94,003Tg8za1EXNGM,0033bXko12HtJA,001LFk7g0CCRjW,000rUPE02Z905o,004X5lS91u07XW,001CMT7I0WUgAh,003H3GIY25ioUj,000wpaXo3RDyoC,001aqnMi2a8O4y,0044lCLh0QK3am,001LmMNg1HUwWf,002r0n0u4g3L0c,003WlV0P1Pd5hJ,0018zT4j1XjSoZ,002CEGy10mjQuV,001BnMyf2u4Sep,003iUwaE16ECBX,000m3j5y4RBsWY,001PZner13Thcg,001Q3Rlo428b8g,003UvNT90rngY5,000zD9G51kXTo7,003Q0Pcc28ZJCg,0005DCNa0ZME3Y,000eQTHD1YKnBe,004TM7dz1auoDT,003Mx6Rn4ItovA,000rT9a41Iz54H,000rthMY4SRqM0,000ZME4T3OpTGI,003mIhq02RaetN,0049qx1M1HSU1g,004NIK6u00TtHx,003a3VHj3aHprh,0007OM5q2EoTPn,003d8RC03hll8b,002wAnPI4048Yr,001My3TU3KDs5U,003q8p102wA1C3,004FxKw225pd90,000FiOjP3ZNUy0,000OFXjz0Nljbh,003dVrDB4H0OWW,001NtQD34GV3Ww,001VHJNG2UKylG,001VQXyh2EXUc0,004N9cJf4A88DP,0024hJh60ngJuH,000EOj2X2S9Ojt,004AaSAY24HSdh,004WzTH919e3ST,0006N5Ai4R7Ykv,000Hschr3Pyw0F,003EZFjh1jRXsa,004BLFeJ3iTPfd,0022G28S2KU1fb,000CxjEy2v5d6X,003Tv3wg3w1wzQ,00121sqp1LkxQb,0044p4R911kZdA,0024xnv12R44qa,003o5t7h4ER5Ad,000wdY0s4A8J3P,003zwawo3CieSL,003VdDgu3dFmCB,000BbrGs0B0mZO,001yVLbI1ZId7i -- Fri Aug 14 2020 18:40:24 GMT+0800 (GMT+08:00) -- Error: read ECONNRESET
localhost:3300/song?songmid=001qvvgF38HVc4 -- Fri Aug 14 2020 18:40:24 GMT+0800 (GMT+08:00) -- Error: read ECONNRESET
localhost:3300/song/batch?songmids=0008xZmr2AqPWZ,004Uln1G2Aunqw,004Fimy419PpsA,000NHikR1jV7Zz,000QEdfq2zlpeS,0021rBlZ1gQiLy,001yYM0I30CzdP,001CG3wA3QkuJS,002X2A9s2qIVBe,000rEXFy3W2We1,001U2GJO2hSzQW,003K7Eff1Dcd0t,000XOKAc3HhtFp,001rujaV3AzLqt,002eDlpu4U223F,00249jt23Gt2LA,000OjsEW0QrPAd,000DRNdE0V9H1y,001s4kFx2S46Cr,0031TAKo0095np,003uw9dp2HcDl2,002fePdX0zcfpQ,004VBMk71TdUuR,003olD751EQ2Ul,003965P32mE37J,001gPpBl27Wcnw,00075k2n3LXiqz,001IHtxC3ssiUZ,000kGBIM1qqena,0002fr701wX6uz,001FS7ce41y4dZ,002E2qJq0xKZfp,000W95Fk3lAVxV,000ffReZ1XyCS7,002G0sJY2wThyx,000fVqPH1RjwS3,000HIb481OqGlQ,001X2Q0d3o1I42,003fEucx0n8btn,001oIm1H1vIgBD,002tQrEa2yZbnj,004NIK6u00TtHx,002xdDqK3GkHVO,004HilGb2TKbFY,000nNzj03CNUIT,004ThLiR0Gs5IA,000SKjy129qdJU,002Yzfab3R9lMM,000iYGrm1DFqCv,000K7QBk4cIHzZ,002NkERn2LNVI4,002x6Ny63Rx8Xi,0005WAB54TCYSn,002mZevo3wHvsc,000mYvlv2HvIg5,0021xLfm18mhjW,001au8Nl224baT,000T1Ws32MWrUj,003GkuJW0vWdti,002dh98v0Clgrm,0038ncYw0cDYSw,001k3Be610tdON,000L8lFG0tU3yw,004WTlYT2kL99w,002lUqDY0GmcWj,001cFJdr4NecLU,000P8peU0HhORi,0045KLbl18QqyB,003jjoM94WLiTf,0039MnYb0qxYhV,003UULKc3CCDzR,001sZYqA1JZlZI,001bdYk41BCfRi,002cLtlI3iMS0f,002WW9dA4RYnHm,001YLvgh0qBckD,001dYkit3zUXSZ,0013WPvt4fQH2b,003YC3p31HyR96,003KdkFG3Zuqsy,001xBUtF3rgn7O,001GAAVj1GjW8F,002y4T9W23anFg,0009iUjr32xUXR,000S7TGL43hhBO,0015LkaZ20fy1P,001fTFGe0LqzdT,000zFAcX3JhXzY,001Y7zXa1p0ryF,004Z8Ihr0JIu5s,0021Bvky0p9OMR,0020HNvU4GxTZN,001OyHbk2MSIi4,000B4ijs4Ufwql,003aAYrm3GE0Ac,0049iR603EJHAY,003rsS2e3r8YNS,003UAhhG2Bm3Nq,000lv3Zi13dSVA,001xd0HI0X9GNq -- Fri Aug 14 2020 18:42:26 GMT+0800 (GMT+08:00) -- Error: read ECONNRESET
localhost:3000/artist/album?id=0025NhlN2yWrP4&limit=30&platform=qq -- Sat Aug 15 2020 15:14:02 GMT+0800 (GMT+08:00) -- SyntaxError: Unexpected token { in JSON at position 25
localhost:3000/artist/album?id=0025NhlN2yWrP4&limit=30&platform=qq -- Sat Aug 15 2020 15:16:33 GMT+0800 (GMT+08:00) -- SyntaxError: Unexpected token { in JSON at position 25
localhost:3000/artist/album?id=0025NhlN2yWrP4&limit=30&platform=qq -- Sat Aug 15 2020 15:17:12 GMT+0800 (GMT+08:00) -- SyntaxError: Unexpected token { in JSON at position 25
localhost:3000/artist/album?id=0025NhlN2yWrP4&limit=30&platform=qq -- Sat Aug 15 2020 15:17:47 GMT+0800 (GMT+08:00) -- SyntaxError: Unexpected token { in JSON at position 25
localhost:3000/artist/album?id=0025NhlN2yWrP4&limit=30&platform=qq -- Sat Aug 15 2020 15:18:17 GMT+0800 (GMT+08:00) -- SyntaxError: Unexpected token { in JSON at position 25
localhost:3000/artists?id=0025NhlN2yWrP4&limit=50&offset=0&platform=qq -- Sat Aug 15 2020 15:20:37 GMT+0800 (GMT+08:00) -- SyntaxError: Unexpected token { in JSON at position 25
localhost:3000/artists?id=0025NhlN2yWrP4&limit=50&offset=0&platform=qq -- Sat Aug 15 2020 15:52:52 GMT+0800 (GMT+08:00) -- SyntaxError: Unexpected token { in JSON at position 25
localhost:3000/artist/mv?id=0025NhlN2yWrP4&limit=20&offset=0 -- Sat Aug 15 2020 16:03:19 GMT+0800 (GMT+08:00) -- Error: Bad Request
localhost:3000/favicon.ico? -- Sat Aug 15 2020 16:59:58 GMT+0800 (GMT+08:00) -- Error: Not Found
localhost:3000/search/suggest?keywords=Give+a+Little+Bit -- Mon Aug 17 2020 20:18:27 GMT+0800 (GMT+08:00) -- Error: socket hang up
localhost:3000/search/suggest?keywords=%E5%B2%81%E6%9C%88%E7%A5%9E%E5%81%B7 -- Mon Aug 17 2020 20:31:17 GMT+0800 (GMT+08:00) -- Error: socket hang up
localhost:3000/lyric?id=1357628744 -- Fri Aug 21 2020 21:18:48 GMT+0800 (GMT+08:00) -- Error: socket hang up
localhost:3300/search?key=s&t=2&pageSize=15&pageNo=1 -- Fri Aug 21 2020 21:31:45 GMT+0800 (GMT+08:00) -- Error: socket hang up
localhost:3000/search?keywords=s&type=1&limit=15&offset=0 -- Fri Aug 21 2020 21:31:45 GMT+0800 (GMT+08:00) -- Error: socket hang up
localhost:3300/song/batch?songmids=004RZjmH1IaPPU,002RQn2M0KlrLm,003OUlho2HcRHC,0017dMc844PPrD,002KJBHl30658i,004cNibC11gcZB,001zMQr71F1Qo8,003cfYDz2afFv1,002eqysy3G0avW,002VlYxc4CseT8,001fpbwS2TUTjV,0029RyO70k0HTa,000X26xH2d2TiD,001Jesc04aIBIc,001K3A4p1yMo3c -- Fri Aug 21 2020 21:32:10 GMT+0800 (GMT+08:00) -- Error: socket hang up
localhost:3300/song/batch?songmids=001qekvC29WI4b,000F2DGY2I0BAq,001KYwfK3NBSzO,003GUlJa1dPqlN,0043WGTm3kacAQ,003i9TgM1EprUF,002QvY603SPTaA,003RqwO94bpRw6,003FbPIL1ofQkG,003c10a10zyGzS,000QyH4N3O6NTn,004BBzBd29ARxq,001Qkbp523bnxm,000tRDOB4DsYN3,001dEOOU1iy0Wh -- Fri Aug 21 2020 21:32:10 GMT+0800 (GMT+08:00) -- Error: socket hang up
localhost:3300/song/batch?songmids=004RZjmH1IaPPU,002RQn2M0KlrLm,003OUlho2HcRHC,0017dMc844PPrD,002KJBHl30658i,004cNibC11gcZB,001zMQr71F1Qo8,003cfYDz2afFv1,002eqysy3G0avW,002VlYxc4CseT8,001fpbwS2TUTjV,0029RyO70k0HTa,000X26xH2d2TiD,001Jesc04aIBIc,001K3A4p1yMo3c -- Fri Aug 21 2020 21:32:25 GMT+0800 (GMT+08:00) -- Error: socket hang up
localhost:3000/comment/music?id=441116287&limit=20&offset=0&before= -- Sun Aug 23 2020 21:44:24 GMT+0800 (GMT+08:00) -- Error: Bad Gateway
localhost:3000/comment/music?id=409872504&limit=20&offset=0&before= -- Sun Aug 23 2020 21:44:24 GMT+0800 (GMT+08:00) -- Error: Bad Gateway
localhost:3000/lyric?id=409872504 -- Sun Aug 23 2020 21:44:24 GMT+0800 (GMT+08:00) -- Error: Bad Gateway
localhost:3000/comment/music?id=404610&limit=20&offset=0&before= -- Sun Aug 23 2020 21:44:57 GMT+0800 (GMT+08:00) -- Error: Bad Gateway
